Archive member included to satisfy reference by file (symbol)

/opt/st/stm32cubeide_1.13.2/plugins/com.st.stm32cube.ide.mcu.externaltools.gnu-tools-for-stm32.11.3.rel1.linux64_1.1.1.202309131626/tools/bin/../lib/gcc/arm-none-eabi/11.3.1/../../../../arm-none-eabi/lib/thumb/v6-m/nofp/libc_nano.a(libc_a-exit.o)
                              /opt/st/stm32cubeide_1.13.2/plugins/com.st.stm32cube.ide.mcu.externaltools.gnu-tools-for-stm32.11.3.rel1.linux64_1.1.1.202309131626/tools/bin/../lib/gcc/arm-none-eabi/11.3.1/../../../../arm-none-eabi/lib/thumb/v6-m/nofp/crt0.o (exit)
/opt/st/stm32cubeide_1.13.2/plugins/com.st.stm32cube.ide.mcu.externaltools.gnu-tools-for-stm32.11.3.rel1.linux64_1.1.1.202309131626/tools/bin/../lib/gcc/arm-none-eabi/11.3.1/../../../../arm-none-eabi/lib/thumb/v6-m/nofp/libc_nano.a(libc_a-findfp.o)
                              /opt/st/stm32cubeide_1.13.2/plugins/com.st.stm32cube.ide.mcu.externaltools.gnu-tools-for-stm32.11.3.rel1.linux64_1.1.1.202309131626/tools/bin/../lib/gcc/arm-none-eabi/11.3.1/../../../../arm-none-eabi/lib/thumb/v6-m/nofp/libc_nano.a(libc_a-exit.o) (__stdio_exit_handler)
/opt/st/stm32cubeide_1.13.2/plugins/com.st.stm32cube.ide.mcu.externaltools.gnu-tools-for-stm32.11.3.rel1.linux64_1.1.1.202309131626/tools/bin/../lib/gcc/arm-none-eabi/11.3.1/../../../../arm-none-eabi/lib/thumb/v6-m/nofp/libc_nano.a(libc_a-fwalk.o)
                              /opt/st/stm32cubeide_1.13.2/plugins/com.st.stm32cube.ide.mcu.externaltools.gnu-tools-for-stm32.11.3.rel1.linux64_1.1.1.202309131626/tools/bin/../lib/gcc/arm-none-eabi/11.3.1/../../../../arm-none-eabi/lib/thumb/v6-m/nofp/libc_nano.a(libc_a-findfp.o) (_fwalk_sglue)
/opt/st/stm32cubeide_1.13.2/plugins/com.st.stm32cube.ide.mcu.externaltools.gnu-tools-for-stm32.11.3.rel1.linux64_1.1.1.202309131626/tools/bin/../lib/gcc/arm-none-eabi/11.3.1/../../../../arm-none-eabi/lib/thumb/v6-m/nofp/libc_nano.a(libc_a-snprintf.o)
                              ./Src/ssd1306_tests.o (snprintf)
/opt/st/stm32cubeide_1.13.2/plugins/com.st.stm32cube.ide.mcu.externaltools.gnu-tools-for-stm32.11.3.rel1.linux64_1.1.1.202309131626/tools/bin/../lib/gcc/arm-none-eabi/11.3.1/../../../../arm-none-eabi/lib/thumb/v6-m/nofp/libc_nano.a(libc_a-sprintf.o)
                              ./Src/main.o (sprintf)
/opt/st/stm32cubeide_1.13.2/plugins/com.st.stm32cube.ide.mcu.externaltools.gnu-tools-for-stm32.11.3.rel1.linux64_1.1.1.202309131626/tools/bin/../lib/gcc/arm-none-eabi/11.3.1/../../../../arm-none-eabi/lib/thumb/v6-m/nofp/libc_nano.a(libc_a-stdio.o)
                              /opt/st/stm32cubeide_1.13.2/plugins/com.st.stm32cube.ide.mcu.externaltools.gnu-tools-for-stm32.11.3.rel1.linux64_1.1.1.202309131626/tools/bin/../lib/gcc/arm-none-eabi/11.3.1/../../../../arm-none-eabi/lib/thumb/v6-m/nofp/libc_nano.a(libc_a-findfp.o) (__sread)
/opt/st/stm32cubeide_1.13.2/plugins/com.st.stm32cube.ide.mcu.externaltools.gnu-tools-for-stm32.11.3.rel1.linux64_1.1.1.202309131626/tools/bin/../lib/gcc/arm-none-eabi/11.3.1/../../../../arm-none-eabi/lib/thumb/v6-m/nofp/libc_nano.a(libc_a-memmove.o)
                              ./Src/ssd1306_tests.o (memmove)
/opt/st/stm32cubeide_1.13.2/plugins/com.st.stm32cube.ide.mcu.externaltools.gnu-tools-for-stm32.11.3.rel1.linux64_1.1.1.202309131626/tools/bin/../lib/gcc/arm-none-eabi/11.3.1/../../../../arm-none-eabi/lib/thumb/v6-m/nofp/libc_nano.a(libc_a-memset.o)
                              /opt/st/stm32cubeide_1.13.2/plugins/com.st.stm32cube.ide.mcu.externaltools.gnu-tools-for-stm32.11.3.rel1.linux64_1.1.1.202309131626/tools/bin/../lib/gcc/arm-none-eabi/11.3.1/../../../../arm-none-eabi/lib/thumb/v6-m/nofp/crt0.o (memset)
/opt/st/stm32cubeide_1.13.2/plugins/com.st.stm32cube.ide.mcu.externaltools.gnu-tools-for-stm32.11.3.rel1.linux64_1.1.1.202309131626/tools/bin/../lib/gcc/arm-none-eabi/11.3.1/../../../../arm-none-eabi/lib/thumb/v6-m/nofp/libc_nano.a(libc_a-closer.o)
                              /opt/st/stm32cubeide_1.13.2/plugins/com.st.stm32cube.ide.mcu.externaltools.gnu-tools-for-stm32.11.3.rel1.linux64_1.1.1.202309131626/tools/bin/../lib/gcc/arm-none-eabi/11.3.1/../../../../arm-none-eabi/lib/thumb/v6-m/nofp/libc_nano.a(libc_a-stdio.o) (_close_r)
/opt/st/stm32cubeide_1.13.2/plugins/com.st.stm32cube.ide.mcu.externaltools.gnu-tools-for-stm32.11.3.rel1.linux64_1.1.1.202309131626/tools/bin/../lib/gcc/arm-none-eabi/11.3.1/../../../../arm-none-eabi/lib/thumb/v6-m/nofp/libc_nano.a(libc_a-reent.o)
                              /opt/st/stm32cubeide_1.13.2/plugins/com.st.stm32cube.ide.mcu.externaltools.gnu-tools-for-stm32.11.3.rel1.linux64_1.1.1.202309131626/tools/bin/../lib/gcc/arm-none-eabi/11.3.1/../../../../arm-none-eabi/lib/thumb/v6-m/nofp/libc_nano.a(libc_a-closer.o) (errno)
/opt/st/stm32cubeide_1.13.2/plugins/com.st.stm32cube.ide.mcu.externaltools.gnu-tools-for-stm32.11.3.rel1.linux64_1.1.1.202309131626/tools/bin/../lib/gcc/arm-none-eabi/11.3.1/../../../../arm-none-eabi/lib/thumb/v6-m/nofp/libc_nano.a(libc_a-impure.o)
[...]
Memory Configuration

Name             Origin             Length             Attributes
RAM              0x0000000020000000 0x0000000000009000 xrw
FLASH            0x0000000008000000 0x0000000000020000 xr
*default*        0x0000000000000000 0xffffffffffffffff

Linker script and memory map

LOAD /opt/st/stm32cubeide_1.13.2/plugins/com.st.stm32cube.ide.mcu.externaltools.gnu-tools-for-stm32.11.3.rel1.linux64_1.1.1.202309131626/tools/bin/../lib/gcc/arm-none-eabi/11.3.1/thumb/v6-m/nofp/crti.o
LOAD /opt/st/stm32cubeide_1.13.2/plugins/com.st.stm32cube.ide.mcu.externaltools.gnu-tools-for-stm32.11.3.rel1.linux64_1.1.1.202309131626/tools/bin/../lib/gcc/arm-none-eabi/11.3.1/thumb/v6-m/nofp/crtbegin.o
LOAD /opt/st/stm32cubeide_1.13.2/plugins/com.st.stm32cube.ide.mcu.externaltools.gnu-tools-for-stm32.11.3.rel1.linux64_1.1.1.202309131626/tools/bin/../lib/gcc/arm-none-eabi/11.3.1/../../../../arm-none-eabi/lib/thumb/v6-m/nofp/crt0.o
LOAD ./Drivers/STM32G0xx_HAL_Driver/Src/stm32g0xx_hal.o
LOAD ./Drivers/STM32G0xx_HAL_Driver/Src/stm32g0xx_hal_adc.o
LOAD ./Drivers/STM32G0xx_HAL_Driver/Src/stm32g0xx_hal_adc_ex.o
LOAD ./Drivers/STM32G0xx_HAL_Driver/Src/stm32g0xx_hal_comp.o
LOAD ./Drivers/STM32G0xx_HAL_Driver/Src/stm32g0xx_hal_cortex.o
LOAD ./Drivers/STM32G0xx_HAL_Driver/Src/stm32g0xx_hal_dac.o
LOAD ./Drivers/STM32G0xx_HAL_Driver/Src/stm32g0xx_hal_dac_ex.o
LOAD ./Drivers/STM32G0xx_HAL_Driver/Src/stm32g0xx_hal_dma.o
LOAD ./Drivers/STM32G0xx_HAL_Driver/Src/stm32g0xx_hal_dma_ex.o
LOAD ./Drivers/STM32G0xx_HAL_Driver/Src/stm32g0xx_hal_exti.o
LOAD ./Drivers/STM32G0xx_HAL_Driver/Src/stm32g0xx_hal_flash.o
LOAD ./Drivers/STM32G0xx_HAL_Driver/Src/stm32g0xx_hal_flash_ex.o
LOAD ./Drivers/STM32G0xx_HAL_Driver/Src/stm32g0xx_hal_gpio.o
LOAD ./Drivers/STM32G0xx_HAL_Driver/Src/stm32g0xx_hal_i2c.o
LOAD ./Drivers/STM32G0xx_HAL_Driver/Src/stm32g0xx_hal_i2c_ex.o
LOAD ./Drivers/STM32G0xx_HAL_Driver/Src/stm32g0xx_hal_pwr.o
LOAD ./Drivers/STM32G0xx_HAL_Driver/Src/stm32g0xx_hal_pwr_ex.o
LOAD ./Drivers/STM32G0xx_HAL_Driver/Src/stm32g0xx_hal_rcc.o
LOAD ./Drivers/STM32G0xx_HAL_Driver/Src/stm32g0xx_hal_rcc_ex.o
LOAD ./Drivers/STM32G0xx_HAL_Driver/Src/stm32g0xx_hal_tim.o
LOAD ./Drivers/STM32G0xx_HAL_Driver/Src/stm32g0xx_hal_tim_ex.o
LOAD ./Drivers/STM32G0xx_HAL_Driver/Src/stm32g0xx_ll_adc.o
LOAD ./Drivers/STM32G0xx_HAL_Driver/Src/stm32g0xx_ll_dma.o
LOAD ./Drivers/STM32G0xx_HAL_Driver/Src/stm32g0xx_ll_rcc.o
LOAD ./Src/adc.o
LOAD ./Src/comp.o
LOAD ./Src/dac.o
LOAD ./Src/gpio.o
LOAD ./Src/i2c.o
LOAD ./Src/main.o
LOAD ./Src/pid.o
LOAD ./Src/ssd1306.o
LOAD ./Src/ssd1306_fonts.o
LOAD ./Src/ssd1306_tests.o
LOAD ./Src/stm32g0xx_hal_msp.o
LOAD ./Src/stm32g0xx_it.o
LOAD ./Src/syscalls.o
LOAD ./Src/sysmem.o
LOAD ./Src/system_stm32g0xx.o
LOAD ./Src/tim.o
LOAD ./Startup/startup_stm32g071kbtx.o
START GROUP
LOAD /opt/st/stm32cubeide_1.13.2/plugins/com.st.stm32cube.ide.mcu.externaltools.gnu-tools-for-stm32.11.3.rel1.linux64_1.1.1.202309131626/tools/bin/../lib/gcc/arm-none-eabi/11.3.1/../../../../arm-none-eabi/lib/thumb/v6-m/nofp/libc_nano.a
LOAD /opt/st/stm32cubeide_1.13.2/plugins/com.st.stm32cube.ide.mcu.externaltools.gnu-tools-for-stm32.11.3.rel1.linux64_1.1.1.202309131626/tools/bin/../lib/gcc/arm-none-eabi/11.3.1/../../../../arm-none-eabi/lib/thumb/v6-m/nofp/libm.a
END GROUP
START GROUP
LOAD /opt/st/stm32cubeide_1.13.2/plugins/com.st.stm32cube.ide.mcu.externaltools.gnu-tools-for-stm32.11.3.rel1.linux64_1.1.1.202309131626/tools/bin/../lib/gcc/arm-none-eabi/11.3.1/thumb/v6-m/nofp/libgcc.a
LOAD /opt/st/stm32cubeide_1.13.2/plugins/com.st.stm32cube.ide.mcu.externaltools.gnu-tools-for-stm32.11.3.rel1.linux64_1.1.1.202309131626/tools/bin/../lib/gcc/arm-none-eabi/11.3.1/../../../../arm-none-eabi/lib/thumb/v6-m/nofp/libc_nano.a
END GROUP
START GROUP
LOAD /opt/st/stm32cubeide_1.13.2/plugins/com.st.stm32cube.ide.mcu.externaltools.gnu-tools-for-stm32.11.3.rel1.linux64_1.1.1.202309131626/tools/bin/../lib/gcc/arm-none-eabi/11.3.1/thumb/v6-m/nofp/libgcc.a
LOAD /opt/st/stm32cubeide_1.13.2/plugins/com.st.stm32cube.ide.mcu.externaltools.gnu-tools-for-stm32.11.3.rel1.linux64_1.1.1.202309131626/tools/bin/../lib/gcc/arm-none-eabi/11.3.1/../../../../arm-none-eabi/lib/thumb/v6-m/nofp/libc_nano.a
LOAD /opt/st/stm32cubeide_1.13.2/plugins/com.st.stm32cube.ide.mcu.externaltools.gnu-tools-for-stm32.11.3.rel1.linux64_1.1.1.202309131626/tools/bin/../lib/gcc/arm-none-eabi/11.3.1/../../../../arm-none-eabi/lib/thumb/v6-m/nofp/libnosys.a
END GROUP
START GROUP
LOAD /opt/st/stm32cubeide_1.13.2/plugins/com.st.stm32cube.ide.mcu.externaltools.gnu-tools-for-stm32.11.3.rel1.linux64_1.1.1.202309131626/tools/bin/../lib/gcc/arm-none-eabi/11.3.1/thumb/v6-m/nofp/libgcc.a
LOAD /opt/st/stm32cubeide_1.13.2/plugins/com.st.stm32cube.ide.mcu.externaltools.gnu-tools-for-stm32.11.3.rel1.linux64_1.1.1.202309131626/tools/bin/../lib/gcc/arm-none-eabi/11.3.1/../../../../arm-none-eabi/lib/thumb/v6-m/nofp/libc_nano.a
LOAD /opt/st/stm32cubeide_1.13.2/plugins/com.st.stm32cube.ide.mcu.externaltools.gnu-tools-for-stm32.11.3.rel1.linux64_1.1.1.202309131626/tools/bin/../lib/gcc/arm-none-eabi/11.3.1/../../../../arm-none-eabi/lib/thumb/v6-m/nofp/libnosys.a
END GROUP
LOAD /opt/st/stm32cubeide_1.13.2/plugins/com.st.stm32cube.ide.mcu.externaltools.gnu-tools-for-stm32.11.3.rel1.linux64_1.1.1.202309131626/tools/bin/../lib/gcc/arm-none-eabi/11.3.1/thumb/v6-m/nofp/crtend.o
LOAD /opt/st/stm32cubeide_1.13.2/plugins/com.st.stm32cube.ide.mcu.externaltools.gnu-tools-for-stm32.11.3.rel1.linux64_1.1.1.202309131626/tools/bin/../lib/gcc/arm-none-eabi/11.3.1/thumb/v6-m/nofp/crtn.o
                0x0000000020009000                _estack = (ORIGIN (RAM) + LENGTH (RAM))
                0x0000000000000200                _Min_Heap_Size = 0x200
                0x0000000000000400                _Min_Stack_Size = 0x400

.isr_vector     0x0000000008000000       0xbc
                0x0000000008000000                . = ALIGN (0x4)
 *(.isr_vector)
 .isr_vector    0x0000000008000000       0xbc ./Startup/startup_stm32g071kbtx.o
                0x0000000008000000                g_pfnVectors
                0x00000000080000bc                . = ALIGN (0x4)

.text           0x00000000080000bc     0x8418
                0x00000000080000bc                . = ALIGN (0x4)
 *(.text)
 .text          0x00000000080000bc       0x48 /opt/st/stm32cubeide_1.13.2/plugins/com.st.stm32cube.ide.mcu.externaltools.gnu-tools-for-stm32.11.3.rel1.linux64_1.1.1.202309131626/tools/bin/../lib/gcc/arm-none-eabi/11.3.1/thumb/v6-m/nofp/crtbegin.o
 .text          0x0000000008000104       0x14 /opt/st/stm32cubeide_1.13.2/plugins/com.st.stm32cube.ide.mcu.externaltools.gnu-tools-for-stm32.11.3.rel1.linux64_1.1.1.202309131626/tools/bin/../lib/gcc/arm-none-eabi/11.3.1/thumb/v6-m/nofp/libgcc.a(_thumb1_case_shi.o)
                0x0000000008000104                __gnu_thumb1_case_shi
 .text          0x0000000008000118      0x114 /opt/st/stm32cubeide_1.13.2/plugins/com.st.stm32cube.ide.mcu.externaltools.gnu-tools-for-stm32.11.3.rel1.linux64_1.1.1.202309131626/tools/bin/../lib/gcc/arm-none-eabi/11.3.1/thumb/v6-m/nofp/libgcc.a(_udivsi3.o)
                0x0000000008000118                __udivsi3
                0x0000000008000118                __aeabi_uidiv
                0x0000000008000224                __aeabi_uidivmod
 .text          0x000000000800022c        0x4 /opt/st/stm32cubeide_1.13.2/plugins/com.st.stm32cube.ide.mcu.externaltools.gnu-tools-for-stm32.11.3.rel1.linux64_1.1.1.202309131626/tools/bin/../lib/gcc/arm-none-eabi/11.3.1/thumb/v6-m/nofp/libgcc.a(_dvmd_tls.o)
                0x000000000800022c                __aeabi_ldiv0
                0x000000000800022c                __aeabi_idiv0
 .text          0x0000000008000230       0x7c /opt/st/stm32cubeide_1.13.2/plugins/com.st.stm32cube.ide.mcu.externaltools.gnu-tools-for-stm32.11.3.rel1.linux64_1.1.1.202309131626/tools/bin/../lib/gcc/arm-none-eabi/11.3.1/thumb/v6-m/nofp/libgcc.a(_arm_cmpdf2.o)
                0x0000000008000230                __aeabi_cdrcmple
                0x0000000008000240                __aeabi_cdcmple
                0x0000000008000240                __aeabi_cdcmpeq
                0x0000000008000250                __aeabi_dcmpeq
                0x000000000800025c                __aeabi_dcmplt
                0x0000000008000270                __aeabi_dcmple
                0x0000000008000284                __aeabi_dcmpgt
                0x0000000008000298                __aeabi_dcmpge
 .text          0x00000000080002ac       0x3c /opt/st/stm32cubeide_1.13.2/plugins/com.st.stm32cube.ide.mcu.externaltools.gnu-tools-for-stm32.11.3.rel1.linux64_1.1.1.202309131626/tools/bin/../lib/gcc/arm-none-eabi/11.3.1/thumb/v6-m/nofp/libgcc.a(_fixunsdfsi.o)
                0x00000000080002ac                __fixunsdfsi
                0x00000000080002ac                __aeabi_d2uiz
 .text          0x00000000080002e8      0x5dc /opt/st/stm32cubeide_1.13.2/plugins/com.st.stm32cube.ide.mcu.externaltools.gnu-tools-for-stm32.11.3.rel1.linux64_1.1.1.202309131626/tools/bin/../lib/gcc/arm-none-eabi/11.3.1/thumb/v6-m/nofp/libgcc.a(divdf3.o)
                0x00000000080002e8                __aeabi_ddiv
 .text          0x00000000080008c4       0x84 /opt/st/stm32cubeide_1.13.2/plugins/com.st.stm32cube.ide.mcu.externaltools.gnu-tools-for-stm32.11.3.rel1.linux64_1.1.1.202309131626/tools/bin/../lib/gcc/arm-none-eabi/11.3.1/thumb/v6-m/nofp/libgcc.a(eqdf2.o)
                0x00000000080008c4                __eqdf2
                0x00000000080008c4                __nedf2
 .text          0x0000000008000948       0xcc /opt/st/stm32cubeide_1.13.2/plugins/com.st.stm32cube.ide.mcu.externaltools.gnu-tools-for-stm32.11.3.rel1.linux64_1.1.1.202309131626/tools/bin/../lib/gcc/arm-none-eabi/11.3.1/thumb/v6-m/nofp/libgcc.a(gedf2.o)
                0x0000000008000948                __gtdf2
                0x0000000008000948                __gedf2
 .text          0x0000000008000a14       0xc8 /opt/st/stm32cubeide_1.13.2/plugins/com.st.stm32cube.ide.mcu.externaltools.gnu-tools-for-stm32.11.3.rel1.linux64_1.1.1.202309131626/tools/bin/../lib/gcc/arm-none-eabi/11.3.1/thumb/v6-m/nofp/libgcc.a(ledf2.o)
                0x0000000008000a14                __ltdf2
                0x0000000008000a14                __ledf2
 .text          0x0000000008000adc      0x584 /opt/st/stm32cubeide_1.13.2/plugins/com.st.stm32cube.ide.mcu.externaltools.gnu-tools-for-stm32.11.3.rel1.linux64_1.1.1.202309131626/tools/bin/../lib/gcc/arm-none-eabi/11.3.1/thumb/v6-m/nofp/libgcc.a(muldf3.o)
                0x0000000008000adc                __aeabi_dmul
 .text          0x0000000008001060      0x704 /opt/st/stm32cubeide_1.13.2/plugins/com.st.stm32cube.ide.mcu.externaltools.gnu-tools-for-stm32.11.3.rel1.linux64_1.1.1.202309131626/tools/bin/../lib/gcc/arm-none-eabi/11.3.1/thumb/v6-m/nofp/libgcc.a(subdf3.o)
                0x0000000008001060                __aeabi_dsub
 .text          0x0000000008001764       0x6c /opt/st/stm32cubeide_1.13.2/plugins/com.st.stm32cube.ide.mcu.externaltools.gnu-tools-for-stm32.11.3.rel1.linux64_1.1.1.202309131626/tools/bin/../lib/gcc/arm-none-eabi/11.3.1/thumb/v6-m/nofp/libgcc.a(fixdfsi.o)
                0x0000000008001764                __aeabi_d2iz
 .text          0x00000000080017d0       0x4c /opt/st/stm32cubeide_1.13.2/plugins/com.st.stm32cube.ide.mcu.externaltools.gnu-tools-for-stm32.11.3.rel1.linux64_1.1.1.202309131626/tools/bin/../lib/gcc/arm-none-eabi/11.3.1/thumb/v6-m/nofp/libgcc.a(floatunsidf.o)
                0x00000000080017d0                __aeabi_ui2d
 .text          0x000000000800181c       0x3c /opt/st/stm32cubeide_1.13.2/plugins/com.st.stm32cube.ide.mcu.externaltools.gnu-tools-for-stm32.11.3.rel1.linux64_1.1.1.202309131626/tools/bin/../lib/gcc/arm-none-eabi/11.3.1/thumb/v6-m/nofp/libgcc.a(_clzsi2.o)
                0x000000000800181c                __clzsi2
 *(.text*)
 .text.HAL_Init
                0x0000000008001858       0x40 ./Drivers/STM32G0xx_HAL_Driver/Src/stm32g0xx_hal.o
                0x0000000008001858                HAL_Init
 .text.HAL_InitTick
                0x0000000008001898       0x94 ./Drivers/STM32G0xx_HAL_Driver/Src/stm32g0xx_hal.o
                0x0000000008001898                HAL_InitTick
 .text.HAL_IncTick
                0x000000000800192c       0x24 ./Drivers/STM32G0xx_HAL_Driver/Src/stm32g0xx_hal.o
                0x000000000800192c                HAL_IncTick
 .text.HAL_GetTick
                0x0000000008001950       0x14 ./Drivers/STM32G0xx_HAL_Driver/Src/stm32g0xx_hal.o
                0x0000000008001950                HAL_GetTick
 .text.HAL_Delay
                0x0000000008001964       0x48 ./Drivers/STM32G0xx_HAL_Driver/Src/stm32g0xx_hal.o
                0x0000000008001964                HAL_Delay
 .text.HAL_SYSCFG_StrobeDBattpinsConfig
                0x00000000080019ac       0x2c ./Drivers/STM32G0xx_HAL_Driver/Src/stm32g0xx_hal.o
                0x00000000080019ac                HAL_SYSCFG_StrobeDBattpinsConfig
 .text.LL_ADC_SetCommonPathInternalCh
                0x00000000080019d8       0x28 ./Drivers/STM32G0xx_HAL_Driver/Src/stm32g0xx_hal_adc.o
 .text.LL_ADC_GetCommonPathInternalCh
                0x0000000008001a00       0x1a ./Drivers/STM32G0xx_HAL_Driver/Src/stm32g0xx_hal_adc.o
 .text.LL_ADC_SetSamplingTimeCommonChannels
                0x0000000008001a1a       0x3a ./Drivers/STM32G0xx_HAL_Driver/Src/stm32g0xx_hal_adc.o
 .text.LL_ADC_GetSamplingTimeCommonChannels
                0x0000000008001a54       0x2e ./Drivers/STM32G0xx_HAL_Driver/Src/stm32g0xx_hal_adc.o
 .text.LL_ADC_REG_IsTriggerSourceSWStart
                0x0000000008001a82       0x22 ./Drivers/STM32G0xx_HAL_Driver/Src/stm32g0xx_hal_adc.o
 .text.LL_ADC_REG_SetSequencerRanks
                0x0000000008001aa4       0x40 ./Drivers/STM32G0xx_HAL_Driver/Src/stm32g0xx_hal_adc.o
 .text.LL_ADC_REG_SetSequencerChAdd
                0x0000000008001ae4       0x22 ./Drivers/STM32G0xx_HAL_Driver/Src/stm32g0xx_hal_adc.o
 .text.LL_ADC_REG_SetSequencerChRem
                0x0000000008001b06       0x24 ./Drivers/STM32G0xx_HAL_Driver/Src/stm32g0xx_hal_adc.o
 .text.LL_ADC_REG_GetDMATransfer
                0x0000000008001b2a       0x18 ./Drivers/STM32G0xx_HAL_Driver/Src/stm32g0xx_hal_adc.o
 *fill*         0x0000000008001b42        0x2 
 .text.LL_ADC_SetChannelSamplingTime
                0x0000000008001b44       0x38 ./Drivers/STM32G0xx_HAL_Driver/Src/stm32g0xx_hal_adc.o
 .text.LL_ADC_EnableInternalRegulator
                0x0000000008001b7c       0x28 ./Drivers/STM32G0xx_HAL_Driver/Src/stm32g0xx_hal_adc.o
 .text.LL_ADC_IsInternalRegulatorEnabled
                0x0000000008001ba4       0x28 ./Drivers/STM32G0xx_HAL_Driver/Src/stm32g0xx_hal_adc.o
 .text.LL_ADC_Enable
                0x0000000008001bcc       0x24 ./Drivers/STM32G0xx_HAL_Driver/Src/stm32g0xx_hal_adc.o
 .text.LL_ADC_Disable
                0x0000000008001bf0       0x24 ./Drivers/STM32G0xx_HAL_Driver/Src/stm32g0xx_hal_adc.o
 .text.LL_ADC_IsEnabled
                0x0000000008001c14       0x22 ./Drivers/STM32G0xx_HAL_Driver/Src/stm32g0xx_hal_adc.o
 .text.LL_ADC_IsDisableOngoing
                0x0000000008001c36       0x22 ./Drivers/STM32G0xx_HAL_Driver/Src/stm32g0xx_hal_adc.o
 .text.LL_ADC_REG_StartConversion
                0x0000000008001c58       0x24 ./Drivers/STM32G0xx_HAL_Driver/Src/stm32g0xx_hal_adc.o
 .text.LL_ADC_REG_IsConversionOngoing
                0x0000000008001c7c       0x22 ./Drivers/STM32G0xx_HAL_Driver/Src/stm32g0xx_hal_adc.o
 *fill*         0x0000000008001c9e        0x2 
 .text.HAL_ADC_Init
                0x0000000008001ca0      0x350 ./Drivers/STM32G0xx_HAL_Driver/Src/stm32g0xx_hal_adc.o
                0x0000000008001ca0                HAL_ADC_Init
 .text.HAL_ADC_Start_IT
                0x0000000008001ff0       0xf0 ./Drivers/STM32G0xx_HAL_Driver/Src/stm32g0xx_hal_adc.o
                0x0000000008001ff0                HAL_ADC_Start_IT
 .text.HAL_ADC_GetValue
                0x00000000080020e0       0x16 ./Drivers/STM32G0xx_HAL_Driver/Src/stm32g0xx_hal_adc.o
                0x00000000080020e0                HAL_ADC_GetValue
 *fill*         0x00000000080020f6        0x2 
 .text.HAL_ADC_IRQHandler
                0x00000000080020f8      0x230 ./Drivers/STM32G0xx_HAL_Driver/Src/stm32g0xx_hal_adc.o
                0x00000000080020f8                HAL_ADC_IRQHandler
 .text.HAL_ADC_LevelOutOfWindowCallback
                0x0000000008002328       0x10 ./Drivers/STM32G0xx_HAL_Driver/Src/stm32g0xx_hal_adc.o
                0x0000000008002328                HAL_ADC_LevelOutOfWindowCallback
 .text.HAL_ADC_ErrorCallback
                0x0000000008002338       0x10 ./Drivers/STM32G0xx_HAL_Driver/Src/stm32g0xx_hal_adc.o
                0x0000000008002338                HAL_ADC_ErrorCallback
 .text.HAL_ADC_ConfigChannel
                0x0000000008002348      0x3b0 ./Drivers/STM32G0xx_HAL_Driver/Src/stm32g0xx_hal_adc.o
                0x0000000008002348                HAL_ADC_ConfigChannel
 .text.ADC_Enable
                0x00000000080026f8      0x10c ./Drivers/STM32G0xx_HAL_Driver/Src/stm32g0xx_hal_adc.o
                0x00000000080026f8                ADC_Enable
 .text.ADC_Disable
                0x0000000008002804       0xbc ./Drivers/STM32G0xx_HAL_Driver/Src/stm32g0xx_hal_adc.o
                0x0000000008002804                ADC_Disable
 .text.LL_ADC_GetCommonClock
                0x00000000080028c0       0x1a ./Drivers/STM32G0xx_HAL_Driver/Src/stm32g0xx_hal_adc_ex.o
 .text.LL_ADC_GetClock
                0x00000000080028da       0x18 ./Drivers/STM32G0xx_HAL_Driver/Src/stm32g0xx_hal_adc_ex.o
 .text.LL_ADC_SetCalibrationFactor
                0x00000000080028f2       0x28 ./Drivers/STM32G0xx_HAL_Driver/Src/stm32g0xx_hal_adc_ex.o
 .text.LL_ADC_GetCalibrationFactor
                0x000000000800291a       0x1a ./Drivers/STM32G0xx_HAL_Driver/Src/stm32g0xx_hal_adc_ex.o
 .text.LL_ADC_Enable
                0x0000000008002934       0x24 ./Drivers/STM32G0xx_HAL_Driver/Src/stm32g0xx_hal_adc_ex.o
 .text.LL_ADC_Disable
                0x0000000008002958       0x24 ./Drivers/STM32G0xx_HAL_Driver/Src/stm32g0xx_hal_adc_ex.o
 .text.LL_ADC_IsEnabled
                0x000000000800297c       0x22 ./Drivers/STM32G0xx_HAL_Driver/Src/stm32g0xx_hal_adc_ex.o
 *fill*         0x000000000800299e        0x2 
 .text.LL_ADC_StartCalibration
                0x00000000080029a0       0x28 ./Drivers/STM32G0xx_HAL_Driver/Src/stm32g0xx_hal_adc_ex.o
 .text.LL_ADC_IsCalibrationOnGoing
                0x00000000080029c8       0x26 ./Drivers/STM32G0xx_HAL_Driver/Src/stm32g0xx_hal_adc_ex.o
 *fill*         0x00000000080029ee        0x2 
 .text.HAL_ADCEx_Calibration_Start
                0x00000000080029f0      0x1f8 ./Drivers/STM32G0xx_HAL_Driver/Src/stm32g0xx_hal_adc_ex.o
                0x00000000080029f0                HAL_ADCEx_Calibration_Start
 .text.HAL_ADCEx_LevelOutOfWindow2Callback
                0x0000000008002be8       0x10 ./Drivers/STM32G0xx_HAL_Driver/Src/stm32g0xx_hal_adc_ex.o
                0x0000000008002be8                HAL_ADCEx_LevelOutOfWindow2Callback
 .text.HAL_ADCEx_LevelOutOfWindow3Callback
                0x0000000008002bf8       0x10 ./Drivers/STM32G0xx_HAL_Driver/Src/stm32g0xx_hal_adc_ex.o
                0x0000000008002bf8                HAL_ADCEx_LevelOutOfWindow3Callback
 .text.HAL_ADCEx_EndOfSamplingCallback
                0x0000000008002c08       0x10 ./Drivers/STM32G0xx_HAL_Driver/Src/stm32g0xx_hal_adc_ex.o
                0x0000000008002c08                HAL_ADCEx_EndOfSamplingCallback
 .text.HAL_ADCEx_ChannelConfigReadyCallback
                0x0000000008002c18       0x10 ./Drivers/STM32G0xx_HAL_Driver/Src/stm32g0xx_hal_adc_ex.o
                0x0000000008002c18                HAL_ADCEx_ChannelConfigReadyCallback
 .text.LL_EXTI_EnableIT_0_31
                0x0000000008002c28       0x24 ./Drivers/STM32G0xx_HAL_Driver/Src/stm32g0xx_hal_comp.o
 .text.LL_EXTI_DisableIT_0_31
                0x0000000008002c4c       0x28 ./Drivers/STM32G0xx_HAL_Driver/Src/stm32g0xx_hal_comp.o
 .text.LL_EXTI_EnableEvent_0_31
                0x0000000008002c74       0x24 ./Drivers/STM32G0xx_HAL_Driver/Src/stm32g0xx_hal_comp.o
 .text.LL_EXTI_DisableEvent_0_31
                0x0000000008002c98       0x28 ./Drivers/STM32G0xx_HAL_Driver/Src/stm32g0xx_hal_comp.o
 .text.LL_EXTI_EnableRisingTrig_0_31
                0x0000000008002cc0       0x20 ./Drivers/STM32G0xx_HAL_Driver/Src/stm32g0xx_hal_comp.o
 .text.LL_EXTI_DisableRisingTrig_0_31
                0x0000000008002ce0       0x24 ./Drivers/STM32G0xx_HAL_Driver/Src/stm32g0xx_hal_comp.o
 .text.LL_EXTI_EnableFallingTrig_0_31
                0x0000000008002d04       0x20 ./Drivers/STM32G0xx_HAL_Driver/Src/stm32g0xx_hal_comp.o
 .text.LL_EXTI_DisableFallingTrig_0_31
                0x0000000008002d24       0x24 ./Drivers/STM32G0xx_HAL_Driver/Src/stm32g0xx_hal_comp.o
 .text.LL_EXTI_ClearFallingFlag_0_31
                0x0000000008002d48       0x1c ./Drivers/STM32G0xx_HAL_Driver/Src/stm32g0xx_hal_comp.o
 .text.LL_EXTI_ClearRisingFlag_0_31
                0x0000000008002d64       0x1c ./Drivers/STM32G0xx_HAL_Driver/Src/stm32g0xx_hal_comp.o
 .text.HAL_COMP_Init
                0x0000000008002d80      0x2c4 ./Drivers/STM32G0xx_HAL_Driver/Src/stm32g0xx_hal_comp.o
                0x0000000008002d80                HAL_COMP_Init
 .text.HAL_COMP_Start
                0x0000000008003044       0xa4 ./Drivers/STM32G0xx_HAL_Driver/Src/stm32g0xx_hal_comp.o
                0x0000000008003044                HAL_COMP_Start
 .text.HAL_COMP_GetOutputLevel
                0x00000000080030e8       0x1c ./Drivers/STM32G0xx_HAL_Driver/Src/stm32g0xx_hal_comp.o
                0x00000000080030e8                HAL_COMP_GetOutputLevel
 .text.__NVIC_EnableIRQ
                0x0000000008003104       0x34 ./Drivers/STM32G0xx_HAL_Driver/Src/stm32g0xx_hal_cortex.o
 .text.__NVIC_SetPriority
                0x0000000008003138       0xdc ./Drivers/STM32G0xx_HAL_Driver/Src/stm32g0xx_hal_cortex.o
 .text.SysTick_Config
                0x0000000008003214       0x48 ./Drivers/STM32G0xx_HAL_Driver/Src/stm32g0xx_hal_cortex.o
 .text.HAL_NVIC_SetPriority
                0x000000000800325c       0x2a ./Drivers/STM32G0xx_HAL_Driver/Src/stm32g0xx_hal_cortex.o
                0x000000000800325c                HAL_NVIC_SetPriority
 .text.HAL_NVIC_EnableIRQ
                0x0000000008003286       0x20 ./Drivers/STM32G0xx_HAL_Driver/Src/stm32g0xx_hal_cortex.o
                0x0000000008003286                HAL_NVIC_EnableIRQ
 .text.HAL_SYSTICK_Config
                0x00000000080032a6       0x1a ./Drivers/STM32G0xx_HAL_Driver/Src/stm32g0xx_hal_cortex.o
                0x00000000080032a6                HAL_SYSTICK_Config
 .text.HAL_DAC_Init
                0x00000000080032c0       0x46 ./Drivers/STM32G0xx_HAL_Driver/Src/stm32g0xx_hal_dac.o
                0x00000000080032c0                HAL_DAC_Init
 .text.HAL_DAC_Start
                0x0000000008003306       0xac ./Drivers/STM32G0xx_HAL_Driver/Src/stm32g0xx_hal_dac.o
                0x0000000008003306                HAL_DAC_Start
 .text.HAL_DAC_SetValue
                0x00000000080033b2       0x4e ./Drivers/STM32G0xx_HAL_Driver/Src/stm32g0xx_hal_dac.o
                0x00000000080033b2                HAL_DAC_SetValue
 .text.HAL_DAC_ConfigChannel
                0x0000000008003400      0x260 ./Drivers/STM32G0xx_HAL_Driver/Src/stm32g0xx_hal_dac.o
                0x0000000008003400                HAL_DAC_ConfigChannel
 .text.HAL_DACEx_SelfCalibrate
                0x0000000008003660      0x258 ./Drivers/STM32G0xx_HAL_Driver/Src/stm32g0xx_hal_dac_ex.o
                0x0000000008003660                HAL_DACEx_SelfCalibrate
 .text.HAL_GPIO_Init
                0x00000000080038b8      0x2c8 ./Drivers/STM32G0xx_HAL_Driver/Src/stm32g0xx_hal_gpio.o
                0x00000000080038b8                HAL_GPIO_Init
 .text.HAL_GPIO_WritePin
                0x0000000008003b80       0x3a ./Drivers/STM32G0xx_HAL_Driver/Src/stm32g0xx_hal_gpio.o
                0x0000000008003b80                HAL_GPIO_WritePin
 *fill*         0x0000000008003bba        0x2 
 .text.HAL_I2C_Init
                0x0000000008003bbc      0x14c ./Drivers/STM32G0xx_HAL_Driver/Src/stm32g0xx_hal_i2c.o
                0x0000000008003bbc                HAL_I2C_Init
 .text.HAL_I2C_Mem_Write
                0x0000000008003d08      0x25c ./Drivers/STM32G0xx_HAL_Driver/Src/stm32g0xx_hal_i2c.o
                0x0000000008003d08                HAL_I2C_Mem_Write
 .text.I2C_RequestMemoryWrite
                0x0000000008003f64       0xc8 ./Drivers/STM32G0xx_HAL_Driver/Src/stm32g0xx_hal_i2c.o
 .text.I2C_Flush_TXDR
                0x000000000800402c       0x44 ./Drivers/STM32G0xx_HAL_Driver/Src/stm32g0xx_hal_i2c.o
 .text.I2C_WaitOnFlagUntilTimeout
                0x0000000008004070       0xb0 ./Drivers/STM32G0xx_HAL_Driver/Src/stm32g0xx_hal_i2c.o
 .text.I2C_WaitOnTXISFlagUntilTimeout
                0x0000000008004120       0x8c ./Drivers/STM32G0xx_HAL_Driver/Src/stm32g0xx_hal_i2c.o
 .text.I2C_WaitOnSTOPFlagUntilTimeout
                0x00000000080041ac       0x86 ./Drivers/STM32G0xx_HAL_Driver/Src/stm32g0xx_hal_i2c.o
 *fill*         0x0000000008004232        0x2 
 .text.I2C_IsErrorOccurred
                0x0000000008004234      0x200 ./Drivers/STM32G0xx_HAL_Driver/Src/stm32g0xx_hal_i2c.o
 .text.I2C_TransferConfig
                0x0000000008004434       0x74 ./Drivers/STM32G0xx_HAL_Driver/Src/stm32g0xx_hal_i2c.o
 .text.HAL_I2CEx_ConfigAnalogFilter
                0x00000000080044a8       0x98 ./Drivers/STM32G0xx_HAL_Driver/Src/stm32g0xx_hal_i2c_ex.o
                0x00000000080044a8                HAL_I2CEx_ConfigAnalogFilter
 .text.HAL_I2CEx_ConfigDigitalFilter
                0x0000000008004540       0x98 ./Drivers/STM32G0xx_HAL_Driver/Src/stm32g0xx_hal_i2c_ex.o
                0x0000000008004540                HAL_I2CEx_ConfigDigitalFilter
 .text.HAL_PWREx_ControlVoltageScaling
                0x00000000080045d8       0x80 ./Drivers/STM32G0xx_HAL_Driver/Src/stm32g0xx_hal_pwr_ex.o
                0x00000000080045d8                HAL_PWREx_ControlVoltageScaling
 .text.HAL_RCC_OscConfig
                0x0000000008004658      0x634 ./Drivers/STM32G0xx_HAL_Driver/Src/stm32g0xx_hal_rcc.o
                0x0000000008004658                HAL_RCC_OscConfig
 .text.HAL_RCC_ClockConfig
                0x0000000008004c8c      0x210 ./Drivers/STM32G0xx_HAL_Driver/Src/stm32g0xx_hal_rcc.o
                0x0000000008004c8c                HAL_RCC_ClockConfig
 .text.HAL_RCC_GetSysClockFreq
                0x0000000008004e9c      0x104 ./Drivers/STM32G0xx_HAL_Driver/Src/stm32g0xx_hal_rcc.o
                0x0000000008004e9c                HAL_RCC_GetSysClockFreq
 .text.HAL_RCCEx_PeriphCLKConfig
                0x0000000008004fa0      0x370 ./Drivers/STM32G0xx_HAL_Driver/Src/stm32g0xx_hal_rcc_ex.o
                0x0000000008004fa0                HAL_RCCEx_PeriphCLKConfig
 .text.HAL_TIM_Base_Init
                0x0000000008005310       0xb0 ./Drivers/STM32G0xx_HAL_Driver/Src/stm32g0xx_hal_tim.o
                0x0000000008005310                HAL_TIM_Base_Init
 .text.HAL_TIM_PWM_Init
                0x00000000080053c0       0xb0 ./Drivers/STM32G0xx_HAL_Driver/Src/stm32g0xx_hal_tim.o
                0x00000000080053c0                HAL_TIM_PWM_Init
 .text.HAL_TIM_PWM_MspInit
                0x0000000008005470       0x10 ./Drivers/STM32G0xx_HAL_Driver/Src/stm32g0xx_hal_tim.o
                0x0000000008005470                HAL_TIM_PWM_MspInit
 .text.HAL_TIM_PWM_Start_IT
                0x0000000008005480      0x260 ./Drivers/STM32G0xx_HAL_Driver/Src/stm32g0xx_hal_tim.o
                0x0000000008005480                HAL_TIM_PWM_Start_IT
 .text.HAL_TIM_IRQHandler
                0x00000000080056e0      0x210 ./Drivers/STM32G0xx_HAL_Driver/Src/stm32g0xx_hal_tim.o
                0x00000000080056e0                HAL_TIM_IRQHandler
 .text.HAL_TIM_PWM_ConfigChannel
                0x00000000080058f0      0x200 ./Drivers/STM32G0xx_HAL_Driver/Src/stm32g0xx_hal_tim.o
                0x00000000080058f0                HAL_TIM_PWM_ConfigChannel
 .text.HAL_TIM_ConfigClockSource
                0x0000000008005af0      0x1ac ./Drivers/STM32G0xx_HAL_Driver/Src/stm32g0xx_hal_tim.o
                0x0000000008005af0                HAL_TIM_ConfigClockSource
 .text.HAL_TIM_PeriodElapsedCallback
                0x0000000008005c9c       0x10 ./Drivers/STM32G0xx_HAL_Driver/Src/stm32g0xx_hal_tim.o
                0x0000000008005c9c                HAL_TIM_PeriodElapsedCallback
 .text.HAL_TIM_OC_DelayElapsedCallback
                0x0000000008005cac       0x10 ./Drivers/STM32G0xx_HAL_Driver/Src/stm32g0xx_hal_tim.o
                0x0000000008005cac                HAL_TIM_OC_DelayElapsedCallback
 .text.HAL_TIM_IC_CaptureCallback
                0x0000000008005cbc       0x10 ./Drivers/STM32G0xx_HAL_Driver/Src/stm32g0xx_hal_tim.o
                0x0000000008005cbc                HAL_TIM_IC_CaptureCallback
 .text.HAL_TIM_TriggerCallback
                0x0000000008005ccc       0x10 ./Drivers/STM32G0xx_HAL_Driver/Src/stm32g0xx_hal_tim.o
                0x0000000008005ccc                HAL_TIM_TriggerCallback
 .text.TIM_Base_SetConfig
                0x0000000008005cdc      0x11c ./Drivers/STM32G0xx_HAL_Driver/Src/stm32g0xx_hal_tim.o
                0x0000000008005cdc                TIM_Base_SetConfig
 .text.TIM_OC1_SetConfig
                0x0000000008005df8      0x114 ./Drivers/STM32G0xx_HAL_Driver/Src/stm32g0xx_hal_tim.o
 .text.TIM_OC2_SetConfig
                0x0000000008005f0c      0x108 ./Drivers/STM32G0xx_HAL_Driver/Src/stm32g0xx_hal_tim.o
                0x0000000008005f0c                TIM_OC2_SetConfig
 .text.TIM_OC3_SetConfig
                0x0000000008006014      0x110 ./Drivers/STM32G0xx_HAL_Driver/Src/stm32g0xx_hal_tim.o
 .text.TIM_OC4_SetConfig
                0x0000000008006124       0xd4 ./Drivers/STM32G0xx_HAL_Driver/Src/stm32g0xx_hal_tim.o
 .text.TIM_OC5_SetConfig
                0x00000000080061f8       0xc0 ./Drivers/STM32G0xx_HAL_Driver/Src/stm32g0xx_hal_tim.o
 .text.TIM_OC6_SetConfig
                0x00000000080062b8       0xc8 ./Drivers/STM32G0xx_HAL_Driver/Src/stm32g0xx_hal_tim.o
 .text.TIM_TI1_ConfigInputStage
                0x0000000008006380       0x5c ./Drivers/STM32G0xx_HAL_Driver/Src/stm32g0xx_hal_tim.o
 .text.TIM_TI2_ConfigInputStage
                0x00000000080063dc       0x64 ./Drivers/STM32G0xx_HAL_Driver/Src/stm32g0xx_hal_tim.o
 .text.TIM_ITRx_SetConfig
                0x0000000008006440       0x38 ./Drivers/STM32G0xx_HAL_Driver/Src/stm32g0xx_hal_tim.o
 .text.TIM_ETR_SetConfig
                0x0000000008006478       0x40 ./Drivers/STM32G0xx_HAL_Driver/Src/stm32g0xx_hal_tim.o
                0x0000000008006478                TIM_ETR_SetConfig
 .text.TIM_CCxChannelCmd
                0x00000000080064b8       0x46 ./Drivers/STM32G0xx_HAL_Driver/Src/stm32g0xx_hal_tim.o
                0x00000000080064b8                TIM_CCxChannelCmd
 *fill*         0x00000000080064fe        0x2 
 .text.HAL_TIMEx_MasterConfigSynchronization
                0x0000000008006500       0xdc ./Drivers/STM32G0xx_HAL_Driver/Src/stm32g0xx_hal_tim_ex.o
                0x0000000008006500                HAL_TIMEx_MasterConfigSynchronization
 .text.HAL_TIMEx_ConfigBreakDeadTime
                0x00000000080065dc      0x138 ./Drivers/STM32G0xx_HAL_Driver/Src/stm32g0xx_hal_tim_ex.o
                0x00000000080065dc                HAL_TIMEx_ConfigBreakDeadTime
 .text.HAL_TIMEx_CommutCallback
                0x0000000008006714       0x10 ./Drivers/STM32G0xx_HAL_Driver/Src/stm32g0xx_hal_tim_ex.o
                0x0000000008006714                HAL_TIMEx_CommutCallback
 .text.HAL_TIMEx_BreakCallback
                0x0000000008006724       0x10 ./Drivers/STM32G0xx_HAL_Driver/Src/stm32g0xx_hal_tim_ex.o
                0x0000000008006724                HAL_TIMEx_BreakCallback
 .text.HAL_TIMEx_Break2Callback
                0x0000000008006734       0x10 ./Drivers/STM32G0xx_HAL_Driver/Src/stm32g0xx_hal_tim_ex.o
                0x0000000008006734                HAL_TIMEx_Break2Callback
 .text.MX_ADC1_Init
                0x0000000008006744      0x13c ./Src/adc.o
                0x0000000008006744                MX_ADC1_Init
 .text.HAL_ADC_MspInit
                0x0000000008006880      0x100 ./Src/adc.o
                0x0000000008006880                HAL_ADC_MspInit
 .text.MX_COMP1_Init
                0x0000000008006980       0x64 ./Src/comp.o
                0x0000000008006980                MX_COMP1_Init
 .text.MX_COMP2_Init
                0x00000000080069e4       0x64 ./Src/comp.o
                0x00000000080069e4                MX_COMP2_Init
 .text.HAL_COMP_MspInit
                0x0000000008006a48       0xb4 ./Src/comp.o
                0x0000000008006a48                HAL_COMP_MspInit
 .text.MX_DAC1_Init
                0x0000000008006afc       0x98 ./Src/dac.o
                0x0000000008006afc                MX_DAC1_Init
 .text.HAL_DAC_MspInit
                0x0000000008006b94       0x88 ./Src/dac.o
                0x0000000008006b94                HAL_DAC_MspInit
 .text.MX_GPIO_Init
                0x0000000008006c1c       0x88 ./Src/gpio.o
                0x0000000008006c1c                MX_GPIO_Init
 .text.MX_I2C1_Init
                0x0000000008006ca4       0x80 ./Src/i2c.o
                0x0000000008006ca4                MX_I2C1_Init
 .text.HAL_I2C_MspInit
                0x0000000008006d24       0xc4 ./Src/i2c.o
                0x0000000008006d24                HAL_I2C_MspInit
 .text.main     0x0000000008006de8      0x178 ./Src/main.o
                0x0000000008006de8                main
 .text.SystemClock_Config
                0x0000000008006f60       0xbc ./Src/main.o
                0x0000000008006f60                SystemClock_Config
 .text.HAL_ADC_ConvCpltCallback
                0x000000000800701c      0x13c ./Src/main.o
                0x000000000800701c                HAL_ADC_ConvCpltCallback
 .text.HAL_TIM_PWM_PulseFinishedCallback
                0x0000000008007158       0xcc ./Src/main.o
                0x0000000008007158                HAL_TIM_PWM_PulseFinishedCallback
 .text.HAL_ADC_SetChannel
                0x0000000008007224       0x48 ./Src/main.o
                0x0000000008007224                HAL_ADC_SetChannel
 .text.Error_Handler
                0x000000000800726c        0xa ./Src/main.o
                0x000000000800726c                Error_Handler
 .text.ssd1306_Reset
                0x0000000008007276        0xa ./Src/ssd1306.o
                0x0000000008007276                ssd1306_Reset
 .text.ssd1306_WriteCommand
                0x0000000008007280       0x34 ./Src/ssd1306.o
                0x0000000008007280                ssd1306_WriteCommand
 .text.ssd1306_WriteData
                0x00000000080072b4       0x34 ./Src/ssd1306.o
                0x00000000080072b4                ssd1306_WriteData
 .text.ssd1306_Init
                0x00000000080072e8       0xd8 ./Src/ssd1306.o
                0x00000000080072e8                ssd1306_Init
 .text.ssd1306_Fill
                0x00000000080073c0       0x34 ./Src/ssd1306.o
                0x00000000080073c0                ssd1306_Fill
 .text.ssd1306_UpdateScreen
                0x00000000080073f4       0x5c ./Src/ssd1306.o
                0x00000000080073f4                ssd1306_UpdateScreen
 .text.ssd1306_DrawPixel
                0x0000000008007450       0xc4 ./Src/ssd1306.o
                0x0000000008007450                ssd1306_DrawPixel
 .text.ssd1306_WriteChar
                0x0000000008007514      0x134 ./Src/ssd1306.o
                0x0000000008007514                ssd1306_WriteChar
 .text.ssd1306_WriteString
                0x0000000008007648       0x54 ./Src/ssd1306.o
                0x0000000008007648                ssd1306_WriteString
 .text.ssd1306_SetCursor
                0x000000000800769c       0x34 ./Src/ssd1306.o
                0x000000000800769c                ssd1306_SetCursor
 .text.ssd1306_SetContrast
                0x00000000080076d0       0x30 ./Src/ssd1306.o
                0x00000000080076d0                ssd1306_SetContrast
 .text.ssd1306_SetDisplayOn
                0x0000000008007700       0x4c ./Src/ssd1306.o
                0x0000000008007700                ssd1306_SetDisplayOn
 .text.HAL_MspInit
                0x000000000800774c       0x50 ./Src/stm32g0xx_hal_msp.o
                0x000000000800774c                HAL_MspInit
 .text.NMI_Handler
                0x000000000800779c        0x6 ./Src/stm32g0xx_it.o
                0x000000000800779c                NMI_Handler
 .text.HardFault_Handler
                0x00000000080077a2        0x6 ./Src/stm32g0xx_it.o
                0x00000000080077a2                HardFault_Handler
 .text.SVC_Handler
                0x00000000080077a8        0xa ./Src/stm32g0xx_it.o
                0x00000000080077a8                SVC_Handler
 .text.PendSV_Handler
                0x00000000080077b2        0xa ./Src/stm32g0xx_it.o
                0x00000000080077b2                PendSV_Handler
 .text.SysTick_Handler
                0x00000000080077bc        0xe ./Src/stm32g0xx_it.o
                0x00000000080077bc                SysTick_Handler
 *fill*         0x00000000080077ca        0x2 
 .text.ADC1_COMP_IRQHandler
                0x00000000080077cc       0x18 ./Src/stm32g0xx_it.o
                0x00000000080077cc                ADC1_COMP_IRQHandler
 .text.TIM1_CC_IRQHandler
                0x00000000080077e4       0x18 ./Src/stm32g0xx_it.o
                0x00000000080077e4                TIM1_CC_IRQHandler
 .text._sbrk    0x00000000080077fc       0x6c ./Src/sysmem.o
                0x00000000080077fc                _sbrk
 .text.SystemInit
                0x0000000008007868        0xa ./Src/system_stm32g0xx.o
                0x0000000008007868                SystemInit
 *fill*         0x0000000008007872        0x2 
 .text.MX_TIM1_Init
                0x0000000008007874      0x1ac ./Src/tim.o
                0x0000000008007874                MX_TIM1_Init
 .text.HAL_TIM_Base_MspInit
                0x0000000008007a20       0x80 ./Src/tim.o
                0x0000000008007a20                HAL_TIM_Base_MspInit
 .text.HAL_TIM_MspPostInit
                0x0000000008007aa0       0x7c ./Src/tim.o
                0x0000000008007aa0                HAL_TIM_MspPostInit
 .text.Reset_Handler
                0x0000000008007b1c       0x50 ./Startup/startup_stm32g071kbtx.o
                0x0000000008007b1c                Reset_Handler
 .text.Default_Handler
                0x0000000008007b6c        0x2 ./Startup/startup_stm32g071kbtx.o
                0x0000000008007b6c                USART3_4_LPUART1_IRQHandler
                0x0000000008007b6c                PVD_IRQHandler
                0x0000000008007b6c                I2C1_IRQHandler
                0x0000000008007b6c                TIM7_LPTIM2_IRQHandler
                0x0000000008007b6c                RTC_TAMP_IRQHandler
                0x0000000008007b6c                SPI1_IRQHandler
                0x0000000008007b6c                EXTI2_3_IRQHandler
                0x0000000008007b6c                I2C2_IRQHandler
                0x0000000008007b6c                TIM17_IRQHandler
                0x0000000008007b6c                TIM16_IRQHandler
                0x0000000008007b6c                TIM3_IRQHandler
                0x0000000008007b6c                EXTI4_15_IRQHandler
                0x0000000008007b6c                RCC_IRQHandler
                0x0000000008007b6c                DMA1_Channel1_IRQHandler
                0x0000000008007b6c                Default_Handler
                0x0000000008007b6c                CEC_IRQHandler
                0x0000000008007b6c                TIM14_IRQHandler
                0x0000000008007b6c                TIM15_IRQHandler
                0x0000000008007b6c                EXTI0_1_IRQHandler
                0x0000000008007b6c                SPI2_IRQHandler
                0x0000000008007b6c                TIM6_DAC_LPTIM1_IRQHandler
                0x0000000008007b6c                WWDG_IRQHandler
                0x0000000008007b6c                TIM2_IRQHandler
                0x0000000008007b6c                DMA1_Ch4_7_DMAMUX1_OVR_IRQHandler
                0x0000000008007b6c                DMA1_Channel2_3_IRQHandler
                0x0000000008007b6c                UCPD1_2_IRQHandler
                0x0000000008007b6c                USART2_IRQHandler
                0x0000000008007b6c                FLASH_IRQHandler
                0x0000000008007b6c                USART1_IRQHandler
                0x0000000008007b6c                TIM1_BRK_UP_TRG_COM_IRQHandler
 *fill*         0x0000000008007b6e        0x2 
 .text.sprintf  0x0000000008007b70       0x40 /opt/st/stm32cubeide_1.13.2/plugins/com.st.stm32cube.ide.mcu.externaltools.gnu-tools-for-stm32.11.3.rel1.linux64_1.1.1.202309131626/tools/bin/../lib/gcc/arm-none-eabi/11.3.1/../../../../arm-none-eabi/lib/thumb/v6-m/nofp/libc_nano.a(libc_a-sprintf.o)
                0x0000000008007b70                sprintf
                0x0000000008007b70                siprintf
 .text.memmove  0x0000000008007bb0       0x26 /opt/st/stm32cubeide_1.13.2/plugins/com.st.stm32cube.ide.mcu.externaltools.gnu-tools-for-stm32.11.3.rel1.linux64_1.1.1.202309131626/tools/bin/../lib/gcc/arm-none-eabi/11.3.1/../../../../arm-none-eabi/lib/thumb/v6-m/nofp/libc_nano.a(libc_a-memmove.o)
                0x0000000008007bb0                memmove
 .text.memset   0x0000000008007bd6       0x10 /opt/st/stm32cubeide_1.13.2/plugins/com.st.stm32cube.ide.mcu.externaltools.gnu-tools-for-stm32.11.3.rel1.linux64_1.1.1.202309131626/tools/bin/../lib/gcc/arm-none-eabi/11.3.1/../../../../arm-none-eabi/lib/thumb/v6-m/nofp/libc_nano.a(libc_a-memset.o)
                0x0000000008007bd6                memset
 *fill*         0x0000000008007be6        0x2 
 .text.__errno  0x0000000008007be8        0xc /opt/st/stm32cubeide_1.13.2/plugins/com.st.stm32cube.ide.mcu.externaltools.gnu-tools-for-stm32.11.3.rel1.linux64_1.1.1.202309131626/tools/bin/../lib/gcc/arm-none-eabi/11.3.1/../../../../arm-none-eabi/lib/thumb/v6-m/nofp/libc_nano.a(libc_a-errno.o)
                0x0000000008007be8                __errno
 .text.__libc_init_array
                0x0000000008007bf4       0x48 /opt/st/stm32cubeide_1.13.2/plugins/com.st.stm32cube.ide.mcu.externaltools.gnu-tools-for-stm32.11.3.rel1.linux64_1.1.1.202309131626/tools/bin/../lib/gcc/arm-none-eabi/11.3.1/../../../../arm-none-eabi/lib/thumb/v6-m/nofp/libc_nano.a(libc_a-init.o)
                0x0000000008007bf4                __libc_init_array
 .text.__retarget_lock_acquire_recursive
                0x0000000008007c3c        0x2 /opt/st/stm32cubeide_1.13.2/plugins/com.st.stm32cube.ide.mcu.externaltools.gnu-tools-for-stm32.11.3.rel1.linux64_1.1.1.202309131626/tools/bin/../lib/gcc/arm-none-eabi/11.3.1/../../../../arm-none-eabi/lib/thumb/v6-m/nofp/libc_nano.a(libc_a-lock.o)
                0x0000000008007c3c                __retarget_lock_acquire_recursive
 .text.__retarget_lock_release_recursive
                0x0000000008007c3e        0x2 /opt/st/stm32cubeide_1.13.2/plugins/com.st.stm32cube.ide.mcu.externaltools.gnu-tools-for-stm32.11.3.rel1.linux64_1.1.1.202309131626/tools/bin/../lib/gcc/arm-none-eabi/11.3.1/../../../../arm-none-eabi/lib/thumb/v6-m/nofp/libc_nano.a(libc_a-lock.o)
                0x0000000008007c3e                __retarget_lock_release_recursive
 .text.memcpy   0x0000000008007c40       0x12 /opt/st/stm32cubeide_1.13.2/plugins/com.st.stm32cube.ide.mcu.externaltools.gnu-tools-for-stm32.11.3.rel1.linux64_1.1.1.202309131626/tools/bin/../lib/gcc/arm-none-eabi/11.3.1/../../../../arm-none-eabi/lib/thumb/v6-m/nofp/libc_nano.a(libc_a-memcpy-stub.o)
                0x0000000008007c40                memcpy
 *fill*         0x0000000008007c52        0x2 
 .text._free_r  0x0000000008007c54       0x94 /opt/st/stm32cubeide_1.13.2/plugins/com.st.stm32cube.ide.mcu.externaltools.gnu-tools-for-stm32.11.3.rel1.linux64_1.1.1.202309131626/tools/bin/../lib/gcc/arm-none-eabi/11.3.1/../../../../arm-none-eabi/lib/thumb/v6-m/nofp/libc_nano.a(libc_a-freer.o)
                0x0000000008007c54                _free_r
 .text.sbrk_aligned
                0x0000000008007ce8       0x44 /opt/st/stm32cubeide_1.13.2/plugins/com.st.stm32cube.ide.mcu.externaltools.gnu-tools-for-stm32.11.3.rel1.linux64_1.1.1.202309131626/tools/bin/../lib/gcc/arm-none-eabi/11.3.1/../../../../arm-none-eabi/lib/thumb/v6-m/nofp/libc_nano.a(libc_a-mallocr.o)
 .text._malloc_r
                0x0000000008007d2c      0x104 /opt/st/stm32cubeide_1.13.2/plugins/com.st.stm32cube.ide.mcu.externaltools.gnu-tools-for-stm32.11.3.rel1.linux64_1.1.1.202309131626/tools/bin/../lib/gcc/arm-none-eabi/11.3.1/../../../../arm-none-eabi/lib/thumb/v6-m/nofp/libc_nano.a(libc_a-mallocr.o)
                0x0000000008007d2c                _malloc_r
 .text.__malloc_lock
                0x0000000008007e30       0x10 /opt/st/stm32cubeide_1.13.2/plugins/com.st.stm32cube.ide.mcu.externaltools.gnu-tools-for-stm32.11.3.rel1.linux64_1.1.1.202309131626/tools/bin/../lib/gcc/arm-none-eabi/11.3.1/../../../../arm-none-eabi/lib/thumb/v6-m/nofp/libc_nano.a(libc_a-mlock.o)
                0x0000000008007e30                __malloc_lock
 .text.__malloc_unlock
                0x0000000008007e40       0x10 /opt/st/stm32cubeide_1.13.2/plugins/com.st.stm32cube.ide.mcu.externaltools.gnu-tools-for-stm32.11.3.rel1.linux64_1.1.1.202309131626/tools/bin/../lib/gcc/arm-none-eabi/11.3.1/../../../../arm-none-eabi/lib/thumb/v6-m/nofp/libc_nano.a(libc_a-mlock.o)
                0x0000000008007e40                __malloc_unlock
 .text.__ssputs_r
                0x0000000008007e50       0xc4 /opt/st/stm32cubeide_1.13.2/plugins/com.st.stm32cube.ide.mcu.externaltools.gnu-tools-for-stm32.11.3.rel1.linux64_1.1.1.202309131626/tools/bin/../lib/gcc/arm-none-eabi/11.3.1/../../../../arm-none-eabi/lib/thumb/v6-m/nofp/libc_nano.a(libc_a-nano-svfprintf.o)
                0x0000000008007e50                __ssputs_r
 .text._svfprintf_r
                0x0000000008007f14      0x200 /opt/st/stm32cubeide_1.13.2/plugins/com.st.stm32cube.ide.mcu.externaltools.gnu-tools-for-stm32.11.3.rel1.linux64_1.1.1.202309131626/tools/bin/../lib/gcc/arm-none-eabi/11.3.1/../../../../arm-none-eabi/lib/thumb/v6-m/nofp/libc_nano.a(libc_a-nano-svfprintf.o)
                0x0000000008007f14                _svfprintf_r
                0x0000000008007f14                _svfiprintf_r
 .text._printf_common
                0x0000000008008114       0xde /opt/st/stm32cubeide_1.13.2/plugins/com.st.stm32cube.ide.mcu.externaltools.gnu-tools-for-stm32.11.3.rel1.linux64_1.1.1.202309131626/tools/bin/../lib/gcc/arm-none-eabi/11.3.1/../../../../arm-none-eabi/lib/thumb/v6-m/nofp/libc_nano.a(libc_a-nano-vfprintf_i.o)
                0x0000000008008114                _printf_common
 *fill*         0x00000000080081f2        0x2 
 .text._printf_i
                0x00000000080081f4      0x220 /opt/st/stm32cubeide_1.13.2/plugins/com.st.stm32cube.ide.mcu.externaltools.gnu-tools-for-stm32.11.3.rel1.linux64_1.1.1.202309131626/tools/bin/../lib/gcc/arm-none-eabi/11.3.1/../../../../arm-none-eabi/lib/thumb/v6-m/nofp/libc_nano.a(libc_a-nano-vfprintf_i.o)
                0x00000000080081f4                _printf_i
 .text._sbrk_r  0x0000000008008414       0x24 /opt/st/stm32cubeide_1.13.2/plugins/com.st.stm32cube.ide.mcu.externaltools.gnu-tools-for-stm32.11.3.rel1.linux64_1.1.1.202309131626/tools/bin/../lib/gcc/arm-none-eabi/11.3.1/../../../../arm-none-eabi/lib/thumb/v6-m/nofp/libc_nano.a(libc_a-sbrkr.o)
                0x0000000008008414                _sbrk_r
 .text.memchr   0x0000000008008438       0x16 /opt/st/stm32cubeide_1.13.2/plugins/com.st.stm32cube.ide.mcu.externaltools.gnu-tools-for-stm32.11.3.rel1.linux64_1.1.1.202309131626/tools/bin/../lib/gcc/arm-none-eabi/11.3.1/../../../../arm-none-eabi/lib/thumb/v6-m/nofp/libc_nano.a(libc_a-memchr-stub.o)
                0x0000000008008438                memchr
 .text._realloc_r
                0x000000000800844e       0x5e /opt/st/stm32cubeide_1.13.2/plugins/com.st.stm32cube.ide.mcu.externaltools.gnu-tools-for-stm32.11.3.rel1.linux64_1.1.1.202309131626/tools/bin/../lib/gcc/arm-none-eabi/11.3.1/../../../../arm-none-eabi/lib/thumb/v6-m/nofp/libc_nano.a(libc_a-reallocr.o)
                0x000000000800844e                _realloc_r
 .text._malloc_usable_size_r
                0x00000000080084ac       0x10 /opt/st/stm32cubeide_1.13.2/plugins/com.st.stm32cube.ide.mcu.externaltools.gnu-tools-for-stm32.11.3.rel1.linux64_1.1.1.202309131626/tools/bin/../lib/gcc/arm-none-eabi/11.3.1/../../../../arm-none-eabi/lib/thumb/v6-m/nofp/libc_nano.a(libc_a-msizer.o)
                0x00000000080084ac                _malloc_usable_size_r
 *(.glue_7)
 .glue_7        0x00000000080084bc        0x0 linker stubs
 *(.glue_7t)
 .glue_7t       0x00000000080084bc        0x0 linker stubs
 *(.eh_frame)
 .eh_frame      0x00000000080084bc        0x0 /opt/st/stm32cubeide_1.13.2/plugins/com.st.stm32cube.ide.mcu.externaltools.gnu-tools-for-stm32.11.3.rel1.linux64_1.1.1.202309131626/tools/bin/../lib/gcc/arm-none-eabi/11.3.1/thumb/v6-m/nofp/crtbegin.o
 *(.init)
 .init          0x00000000080084bc        0x4 /opt/st/stm32cubeide_1.13.2/plugins/com.st.stm32cube.ide.mcu.externaltools.gnu-tools-for-stm32.11.3.rel1.linux64_1.1.1.202309131626/tools/bin/../lib/gcc/arm-none-eabi/11.3.1/thumb/v6-m/nofp/crti.o
                0x00000000080084bc                _init
 .init          0x00000000080084c0        0x8 /opt/st/stm32cubeide_1.13.2/plugins/com.st.stm32cube.ide.mcu.externaltools.gnu-tools-for-stm32.11.3.rel1.linux64_1.1.1.202309131626/tools/bin/../lib/gcc/arm-none-eabi/11.3.1/thumb/v6-m/nofp/crtn.o
 *(.fini)
 .fini          0x00000000080084c8        0x4 /opt/st/stm32cubeide_1.13.2/plugins/com.st.stm32cube.ide.mcu.externaltools.gnu-tools-for-stm32.11.3.rel1.linux64_1.1.1.202309131626/tools/bin/../lib/gcc/arm-none-eabi/11.3.1/thumb/v6-m/nofp/crti.o
                0x00000000080084c8                _fini
 .fini          0x00000000080084cc        0x8 /opt/st/stm32cubeide_1.13.2/plugins/com.st.stm32cube.ide.mcu.externaltools.gnu-tools-for-stm32.11.3.rel1.linux64_1.1.1.202309131626/tools/bin/../lib/gcc/arm-none-eabi/11.3.1/thumb/v6-m/nofp/crtn.o
                0x00000000080084d4                . = ALIGN (0x4)
                0x00000000080084d4                _etext = .

.vfp11_veneer   0x00000000080084d4        0x0
 .vfp11_veneer  0x00000000080084d4        0x0 linker stubs

.v4_bx          0x00000000080084d4        0x0
 .v4_bx         0x00000000080084d4        0x0 linker stubs

.iplt           0x00000000080084d4        0x0
 .iplt          0x00000000080084d4        0x0 /opt/st/stm32cubeide_1.13.2/plugins/com.st.stm32cube.ide.mcu.externaltools.gnu-tools-for-stm32.11.3.rel1.linux64_1.1.1.202309131626/tools/bin/../lib/gcc/arm-none-eabi/11.3.1/thumb/v6-m/nofp/crtbegin.o

.rodata         0x00000000080084d4      0xe7c
                0x00000000080084d4                . = ALIGN (0x4)
 *(.rodata)
 .rodata        0x00000000080084d4       0x17 ./Src/main.o
 *fill*         0x00000000080084eb        0x1 
 .rodata        0x00000000080084ec       0x40 /opt/st/stm32cubeide_1.13.2/plugins/com.st.stm32cube.ide.mcu.externaltools.gnu-tools-for-stm32.11.3.rel1.linux64_1.1.1.202309131626/tools/bin/../lib/gcc/arm-none-eabi/11.3.1/thumb/v6-m/nofp/libgcc.a(divdf3.o)
 *(.rodata*)
 .rodata.HAL_TIM_PWM_ConfigChannel
                0x000000000800852c       0x54 ./Drivers/STM32G0xx_HAL_Driver/Src/stm32g0xx_hal_tim.o
 .rodata.Font11x18
                0x0000000008008580      0xd5c ./Src/ssd1306_fonts.o
 .rodata.AHBPrescTable
                0x00000000080092dc       0x40 ./Src/system_stm32g0xx.o
                0x00000000080092dc                AHBPrescTable
 .rodata._svfprintf_r.str1.1
                0x000000000800931c       0x11 /opt/st/stm32cubeide_1.13.2/plugins/com.st.stm32cube.ide.mcu.externaltools.gnu-tools-for-stm32.11.3.rel1.linux64_1.1.1.202309131626/tools/bin/../lib/gcc/arm-none-eabi/11.3.1/../../../../arm-none-eabi/lib/thumb/v6-m/nofp/libc_nano.a(libc_a-nano-svfprintf.o)
 .rodata._printf_i.str1.1
                0x000000000800932d       0x22 /opt/st/stm32cubeide_1.13.2/plugins/com.st.stm32cube.ide.mcu.externaltools.gnu-tools-for-stm32.11.3.rel1.linux64_1.1.1.202309131626/tools/bin/../lib/gcc/arm-none-eabi/11.3.1/../../../../arm-none-eabi/lib/thumb/v6-m/nofp/libc_nano.a(libc_a-nano-vfprintf_i.o)
                0x0000000008009350                . = ALIGN (0x4)
 *fill*         0x000000000800934f        0x1 

.rel.dyn        0x0000000008009350        0x0
 .rel.iplt      0x0000000008009350        0x0 /opt/st/stm32cubeide_1.13.2/plugins/com.st.stm32cube.ide.mcu.externaltools.gnu-tools-for-stm32.11.3.rel1.linux64_1.1.1.202309131626/tools/bin/../lib/gcc/arm-none-eabi/11.3.1/thumb/v6-m/nofp/crtbegin.o

.ARM.extab      0x0000000008009350        0x0
                0x0000000008009350                . = ALIGN (0x4)
 *(.ARM.extab* .gnu.linkonce.armextab.*)
                0x0000000008009350                . = ALIGN (0x4)

.ARM            0x0000000008009350        0x0
                0x0000000008009350                . = ALIGN (0x4)
                0x0000000008009350                __exidx_start = .
 *(.ARM.exidx*)
                0x0000000008009350                __exidx_end = .
                0x0000000008009350                . = ALIGN (0x4)

.preinit_array  0x0000000008009350        0x0
                0x0000000008009350                . = ALIGN (0x4)
                0x0000000008009350                PROVIDE (__preinit_array_start = .)
 *(.preinit_array*)
                0x0000000008009350                PROVIDE (__preinit_array_end = .)
                0x0000000008009350                . = ALIGN (0x4)

.init_array     0x0000000008009350        0x4
                0x0000000008009350                . = ALIGN (0x4)
                0x0000000008009350                PROVIDE (__init_array_start = .)
 *(SORT_BY_NAME(.init_array.*))
 *(.init_array*)
 .init_array    0x0000000008009350        0x4 /opt/st/stm32cubeide_1.13.2/plugins/com.st.stm32cube.ide.mcu.externaltools.gnu-tools-for-stm32.11.3.rel1.linux64_1.1.1.202309131626/tools/bin/../lib/gcc/arm-none-eabi/11.3.1/thumb/v6-m/nofp/crtbegin.o
                0x0000000008009354                PROVIDE (__init_array_end = .)
                0x0000000008009354                . = ALIGN (0x4)

.fini_array     0x0000000008009354        0x4
                0x0000000008009354                . = ALIGN (0x4)
                [!provide]                        PROVIDE (__fini_array_start = .)
 *(SORT_BY_NAME(.fini_array.*))
 *(.fini_array*)
 .fini_array    0x0000000008009354        0x4 /opt/st/stm32cubeide_1.13.2/plugins/com.st.stm32cube.ide.mcu.externaltools.gnu-tools-for-stm32.11.3.rel1.linux64_1.1.1.202309131626/tools/bin/../lib/gcc/arm-none-eabi/11.3.1/thumb/v6-m/nofp/crtbegin.o
                [!provide]                        PROVIDE (__fini_array_end = .)
                0x0000000008009358                . = ALIGN (0x4)
                0x0000000008009358                _sidata = LOADADDR (.data)

.data           0x0000000020000000       0x68 load address 0x0000000008009358
                0x0000000020000000                . = ALIGN (0x4)
                0x0000000020000000                _sdata = .
 *(.data)
 *(.data*)
 .data.uwTickPrio
                0x0000000020000000        0x4 ./Drivers/STM32G0xx_HAL_Driver/Src/stm32g0xx_hal.o
                0x0000000020000000                uwTickPrio
 .data.uwTickFreq
                0x0000000020000004        0x1 ./Drivers/STM32G0xx_HAL_Driver/Src/stm32g0xx_hal.o
                0x0000000020000004                uwTickFreq
 *fill*         0x0000000020000005        0x3 
 .data.pwmMax   0x0000000020000008        0x4 ./Src/main.o
                0x0000000020000008                pwmMax
 .data.Font_11x18
                0x000000002000000c        0x8 ./Src/ssd1306_fonts.o
                0x000000002000000c                Font_11x18
 .data.SystemCoreClock
                0x0000000020000014        0x4 ./Src/system_stm32g0xx.o
                0x0000000020000014                SystemCoreClock
 .data._impure_data
                0x0000000020000018       0x4c /opt/st/stm32cubeide_1.13.2/plugins/com.st.stm32cube.ide.mcu.externaltools.gnu-tools-for-stm32.11.3.rel1.linux64_1.1.1.202309131626/tools/bin/../lib/gcc/arm-none-eabi/11.3.1/../../../../arm-none-eabi/lib/thumb/v6-m/nofp/libc_nano.a(libc_a-impure.o)
                0x0000000020000018                _impure_data
 .data._impure_ptr
                0x0000000020000064        0x4 /opt/st/stm32cubeide_1.13.2/plugins/com.st.stm32cube.ide.mcu.externaltools.gnu-tools-for-stm32.11.3.rel1.linux64_1.1.1.202309131626/tools/bin/../lib/gcc/arm-none-eabi/11.3.1/../../../../arm-none-eabi/lib/thumb/v6-m/nofp/libc_nano.a(libc_a-impure.o)
                0x0000000020000064                _impure_ptr
 *(.RamFunc)
 *(.RamFunc*)
                0x0000000020000068                . = ALIGN (0x4)
                0x0000000020000068                _edata = .

.igot.plt       0x0000000020000068        0x0 load address 0x00000000080093c0
 .igot.plt      0x0000000020000068        0x0 /opt/st/stm32cubeide_1.13.2/plugins/com.st.stm32cube.ide.mcu.externaltools.gnu-tools-for-stm32.11.3.rel1.linux64_1.1.1.202309131626/tools/bin/../lib/gcc/arm-none-eabi/11.3.1/thumb/v6-m/nofp/crtbegin.o
                0x0000000020000068                . = ALIGN (0x4)

.bss            0x0000000020000068      0x728 load address 0x00000000080093c0
                0x0000000020000068                _sbss = .
                0x0000000020000068                __bss_start__ = _sbss
 *(.bss)
 .bss           0x0000000020000068       0x1c /opt/st/stm32cubeide_1.13.2/plugins/com.st.stm32cube.ide.mcu.externaltools.gnu-tools-for-stm32.11.3.rel1.linux64_1.1.1.202309131626/tools/bin/../lib/gcc/arm-none-eabi/11.3.1/thumb/v6-m/nofp/crtbegin.o
 *(.bss*)
 .bss.uwTick    0x0000000020000084        0x4 ./Drivers/STM32G0xx_HAL_Driver/Src/stm32g0xx_hal.o
                0x0000000020000084                uwTick
 .bss.hadc1     0x0000000020000088       0x64 ./Src/adc.o
                0x0000000020000088                hadc1
 .bss.hcomp1    0x00000000200000ec       0x30 ./Src/comp.o
                0x00000000200000ec                hcomp1
 .bss.hcomp2    0x000000002000011c       0x30 ./Src/comp.o
                0x000000002000011c                hcomp2
 .bss.hdac1     0x000000002000014c       0x14 ./Src/dac.o
                0x000000002000014c                hdac1
 .bss.hi2c1     0x0000000020000160       0x54 ./Src/i2c.o
                0x0000000020000160                hi2c1
 .bss.voltage   0x00000000200001b4        0x4 ./Src/main.o
                0x00000000200001b4                voltage
 .bss.current   0x00000000200001b8        0x4 ./Src/main.o
                0x00000000200001b8                current
 .bss.inputVoltage
                0x00000000200001bc        0x4 ./Src/main.o
                0x00000000200001bc                inputVoltage
 .bss.pwm       0x00000000200001c0        0x4 ./Src/main.o
                0x00000000200001c0                pwm
 .bss.pwmMin    0x00000000200001c4        0x4 ./Src/main.o
                0x00000000200001c4                pwmMin
 .bss.targetVoltage
                0x00000000200001c8        0x4 ./Src/main.o
                0x00000000200001c8                targetVoltage
 .bss.targetCurrent
                0x00000000200001cc        0x4 ./Src/main.o
                0x00000000200001cc                targetCurrent
 .bss.adcActualChannel
                0x00000000200001d0        0x4 ./Src/main.o
                0x00000000200001d0                adcActualChannel
 .bss.CCmode    0x00000000200001d4        0x4 ./Src/main.o
                0x00000000200001d4                CCmode
 .bss.compVoltageState
                0x00000000200001d8        0x4 ./Src/main.o
                0x00000000200001d8                compVoltageState
 .bss.compCurrentState
                0x00000000200001dc        0x4 ./Src/main.o
                0x00000000200001dc                compCurrentState
 .bss.buffer    0x00000000200001e0        0xf ./Src/main.o
                0x00000000200001e0                buffer
 *fill*         0x00000000200001ef        0x1 
 .bss.SSD1306_Buffer
                0x00000000200001f0      0x400 ./Src/ssd1306.o
 .bss.SSD1306   0x00000000200005f0        0x6 ./Src/ssd1306.o
 *fill*         0x00000000200005f6        0x2 
 .bss.__sbrk_heap_end
                0x00000000200005f8        0x4 ./Src/sysmem.o
 .bss.htim1     0x00000000200005fc       0x4c ./Src/tim.o
                0x00000000200005fc                htim1
 .bss.__sf      0x0000000020000648      0x138 /opt/st/stm32cubeide_1.13.2/plugins/com.st.stm32cube.ide.mcu.externaltools.gnu-tools-for-stm32.11.3.rel1.linux64_1.1.1.202309131626/tools/bin/../lib/gcc/arm-none-eabi/11.3.1/../../../../arm-none-eabi/lib/thumb/v6-m/nofp/libc_nano.a(libc_a-findfp.o)
                0x0000000020000648                __sf
 .bss.errno     0x0000000020000780        0x4 /opt/st/stm32cubeide_1.13.2/plugins/com.st.stm32cube.ide.mcu.externaltools.gnu-tools-for-stm32.11.3.rel1.linux64_1.1.1.202309131626/tools/bin/../lib/gcc/arm-none-eabi/11.3.1/../../../../arm-none-eabi/lib/thumb/v6-m/nofp/libc_nano.a(libc_a-reent.o)
                0x0000000020000780                errno
 .bss.__lock___malloc_recursive_mutex
                0x0000000020000784        0x1 /opt/st/stm32cubeide_1.13.2/plugins/com.st.stm32cube.ide.mcu.externaltools.gnu-tools-for-stm32.11.3.rel1.linux64_1.1.1.202309131626/tools/bin/../lib/gcc/arm-none-eabi/11.3.1/../../../../arm-none-eabi/lib/thumb/v6-m/nofp/libc_nano.a(libc_a-lock.o)
                0x0000000020000784                __lock___malloc_recursive_mutex
 *fill*         0x0000000020000785        0x3 
 .bss.__malloc_free_list
                0x0000000020000788        0x4 /opt/st/stm32cubeide_1.13.2/plugins/com.st.stm32cube.ide.mcu.externaltools.gnu-tools-for-stm32.11.3.rel1.linux64_1.1.1.202309131626/tools/bin/../lib/gcc/arm-none-eabi/11.3.1/../../../../arm-none-eabi/lib/thumb/v6-m/nofp/libc_nano.a(libc_a-mallocr.o)
                0x0000000020000788                __malloc_free_list
 .bss.__malloc_sbrk_start
                0x000000002000078c        0x4 /opt/st/stm32cubeide_1.13.2/plugins/com.st.stm32cube.ide.mcu.externaltools.gnu-tools-for-stm32.11.3.rel1.linux64_1.1.1.202309131626/tools/bin/../lib/gcc/arm-none-eabi/11.3.1/../../../../arm-none-eabi/lib/thumb/v6-m/nofp/libc_nano.a(libc_a-mallocr.o)
                0x000000002000078c                __malloc_sbrk_start
 *(COMMON)
                0x0000000020000790                . = ALIGN (0x4)
                0x0000000020000790                _ebss = .
                0x0000000020000790                __bss_end__ = _ebss

._user_heap_stack
                0x0000000020000790      0x600 load address 0x00000000080093c0
                0x0000000020000790                . = ALIGN (0x8)
                [!provide]                        PROVIDE (end = .)
                0x0000000020000790                PROVIDE (_end = .)
                0x0000000020000990                . = (. + _Min_Heap_Size)
 *fill*         0x0000000020000790      0x200 
                0x0000000020000d90                . = (. + _Min_Stack_Size)
 *fill*         0x0000000020000990      0x400 
                0x0000000020000d90                . = ALIGN (0x8)

/DISCARD/
 libc.a(*)
 libm.a(*)
 libgcc.a(*)

.ARM.attributes
                0x0000000000000000       0x28
 *(.ARM.attributes)
 .ARM.attributes
                0x0000000000000000       0x1e /opt/st/stm32cubeide_1.13.2/plugins/com.st.stm32cube.ide.mcu.externaltools.gnu-tools-for-stm32.11.3.rel1.linux64_1.1.1.202309131626/tools/bin/../lib/gcc/arm-none-eabi/11.3.1/thumb/v6-m/nofp/crti.o
 .ARM.attributes
                0x000000000000001e       0x2c /opt/st/stm32cubeide_1.13.2/plugins/com.st.stm32cube.ide.mcu.externaltools.gnu-tools-for-stm32.11.3.rel1.linux64_1.1.1.202309131626/tools/bin/../lib/gcc/arm-none-eabi/11.3.1/thumb/v6-m/nofp/crtbegin.o
 .ARM.attributes
                0x000000000000004a       0x2c ./Drivers/STM32G0xx_HAL_Driver/Src/stm32g0xx_hal.o
 .ARM.attributes
                0x0000000000000076       0x2c ./Drivers/STM32G0xx_HAL_Driver/Src/stm32g0xx_hal_adc.o
 .ARM.attributes
                0x00000000000000a2       0x2c ./Drivers/STM32G0xx_HAL_Driver/Src/stm32g0xx_hal_adc_ex.o
 .ARM.attributes
                0x00000000000000ce       0x2c ./Drivers/STM32G0xx_HAL_Driver/Src/stm32g0xx_hal_comp.o
 .ARM.attributes
                0x00000000000000fa       0x2c ./Drivers/STM32G0xx_HAL_Driver/Src/stm32g0xx_hal_cortex.o
 .ARM.attributes
                0x0000000000000126       0x2c ./Drivers/STM32G0xx_HAL_Driver/Src/stm32g0xx_hal_dac.o
 .ARM.attributes
                0x0000000000000152       0x2c ./Drivers/STM32G0xx_HAL_Driver/Src/stm32g0xx_hal_dac_ex.o
 .ARM.attributes
                0x000000000000017e       0x2c ./Drivers/STM32G0xx_HAL_Driver/Src/stm32g0xx_hal_gpio.o
 .ARM.attributes
                0x00000000000001aa       0x2c ./Drivers/STM32G0xx_HAL_Driver/Src/stm32g0xx_hal_i2c.o
 .ARM.attributes
                0x00000000000001d6       0x2c ./Drivers/STM32G0xx_HAL_Driver/Src/stm32g0xx_hal_i2c_ex.o
 .ARM.attributes
                0x0000000000000202       0x2c ./Drivers/STM32G0xx_HAL_Driver/Src/stm32g0xx_hal_pwr_ex.o
 .ARM.attributes
                0x000000000000022e       0x2c ./Drivers/STM32G0xx_HAL_Driver/Src/stm32g0xx_hal_rcc.o
 .ARM.attributes
                0x000000000000025a       0x2c ./Drivers/STM32G0xx_HAL_Driver/Src/stm32g0xx_hal_rcc_ex.o
 .ARM.attributes
                0x0000000000000286       0x2c ./Drivers/STM32G0xx_HAL_Driver/Src/stm32g0xx_hal_tim.o
 .ARM.attributes
                0x00000000000002b2       0x2c ./Drivers/STM32G0xx_HAL_Driver/Src/stm32g0xx_hal_tim_ex.o
 .ARM.attributes
                0x00000000000002de       0x2c ./Src/adc.o
 .ARM.attributes
                0x000000000000030a       0x2c ./Src/comp.o
 .ARM.attributes
                0x0000000000000336       0x2c ./Src/dac.o
 .ARM.attributes
                0x0000000000000362       0x2c ./Src/gpio.o
 .ARM.attributes
                0x000000000000038e       0x2c ./Src/i2c.o
 .ARM.attributes
                0x00000000000003ba       0x2c ./Src/main.o
 .ARM.attributes
                0x00000000000003e6       0x2c ./Src/ssd1306.o
 .ARM.attributes
                0x0000000000000412       0x2c ./Src/ssd1306_fonts.o
 .ARM.attributes
                0x000000000000043e       0x2c ./Src/stm32g0xx_hal_msp.o
 .ARM.attributes
                0x000000000000046a       0x2c ./Src/stm32g0xx_it.o
 .ARM.attributes
                0x0000000000000496       0x2c ./Src/sysmem.o
 .ARM.attributes
                0x00000000000004c2       0x2c ./Src/system_stm32g0xx.o
 .ARM.attributes
                0x00000000000004ee       0x2c ./Src/tim.o
 .ARM.attributes
                0x000000000000051a       0x22 ./Startup/startup_stm32g071kbtx.o
 .ARM.attributes
                0x000000000000053c       0x2c /opt/st/stm32cubeide_1.13.2/plugins/com.st.stm32cube.ide.mcu.externaltools.gnu-tools-for-stm32.11.3.rel1.linux64_1.1.1.202309131626/tools/bin/../lib/gcc/arm-none-eabi/11.3.1/../../../../arm-none-eabi/lib/thumb/v6-m/nofp/libc_nano.a(libc_a-findfp.o)
 .ARM.attributes
                0x0000000000000568       0x2c /opt/st/stm32cubeide_1.13.2/plugins/com.st.stm32cube.ide.mcu.externaltools.gnu-tools-for-stm32.11.3.rel1.linux64_1.1.1.202309131626/tools/bin/../lib/gcc/arm-none-eabi/11.3.1/../../../../arm-none-eabi/lib/thumb/v6-m/nofp/libc_nano.a(libc_a-sprintf.o)
 .ARM.attributes
                0x0000000000000594       0x2c /opt/st/stm32cubeide_1.13.2/plugins/com.st.stm32cube.ide.mcu.externaltools.gnu-tools-for-stm32.11.3.rel1.linux64_1.1.1.202309131626/tools/bin/../lib/gcc/arm-none-eabi/11.3.1/../../../../arm-none-eabi/lib/thumb/v6-m/nofp/libc_nano.a(libc_a-memmove.o)
 .ARM.attributes
                0x00000000000005c0       0x2c /opt/st/stm32cubeide_1.13.2/plugins/com.st.stm32cube.ide.mcu.externaltools.gnu-tools-for-stm32.11.3.rel1.linux64_1.1.1.202309131626/tools/bin/../lib/gcc/arm-none-eabi/11.3.1/../../../../arm-none-eabi/lib/thumb/v6-m/nofp/libc_nano.a(libc_a-memset.o)
 .ARM.attributes
                0x00000000000005ec       0x2c /opt/st/stm32cubeide_1.13.2/plugins/com.st.stm32cube.ide.mcu.externaltools.gnu-tools-for-stm32.11.3.rel1.linux64_1.1.1.202309131626/tools/bin/../lib/gcc/arm-none-eabi/11.3.1/../../../../arm-none-eabi/lib/thumb/v6-m/nofp/libc_nano.a(libc_a-reent.o)
 .ARM.attributes
                0x0000000000000618       0x2c /opt/st/stm32cubeide_1.13.2/plugins/com.st.stm32cube.ide.mcu.externaltools.gnu-tools-for-stm32.11.3.rel1.linux64_1.1.1.202309131626/tools/bin/../lib/gcc/arm-none-eabi/11.3.1/../../../../arm-none-eabi/lib/thumb/v6-m/nofp/libc_nano.a(libc_a-impure.o)
 .ARM.attributes
                0x0000000000000644       0x2c /opt/st/stm32cubeide_1.13.2/plugins/com.st.stm32cube.ide.mcu.externaltools.gnu-tools-for-stm32.11.3.rel1.linux64_1.1.1.202309131626/tools/bin/../lib/gcc/arm-none-eabi/11.3.1/../../../../arm-none-eabi/lib/thumb/v6-m/nofp/libc_nano.a(libc_a-errno.o)
 .ARM.attributes
                0x0000000000000670       0x2c /opt/st/stm32cubeide_1.13.2/plugins/com.st.stm32cube.ide.mcu.externaltools.gnu-tools-for-stm32.11.3.rel1.linux64_1.1.1.202309131626/tools/bin/../lib/gcc/arm-none-eabi/11.3.1/../../../../arm-none-eabi/lib/thumb/v6-m/nofp/libc_nano.a(libc_a-init.o)
 .ARM.attributes
                0x000000000000069c       0x2c /opt/st/stm32cubeide_1.13.2/plugins/com.st.stm32cube.ide.mcu.externaltools.gnu-tools-for-stm32.11.3.rel1.linux64_1.1.1.202309131626/tools/bin/../lib/gcc/arm-none-eabi/11.3.1/../../../../arm-none-eabi/lib/thumb/v6-m/nofp/libc_nano.a(libc_a-lock.o)
 .ARM.attributes
                0x00000000000006c8       0x2c /opt/st/stm32cubeide_1.13.2/plugins/com.st.stm32cube.ide.mcu.externaltools.gnu-tools-for-stm32.11.3.rel1.linux64_1.1.1.202309131626/tools/bin/../lib/gcc/arm-none-eabi/11.3.1/../../../../arm-none-eabi/lib/thumb/v6-m/nofp/libc_nano.a(libc_a-memcpy-stub.o)
 .ARM.attributes
                0x00000000000006f4       0x2c /opt/st/stm32cubeide_1.13.2/plugins/com.st.stm32cube.ide.mcu.externaltools.gnu-tools-for-stm32.11.3.rel1.linux64_1.1.1.202309131626/tools/bin/../lib/gcc/arm-none-eabi/11.3.1/../../../../arm-none-eabi/lib/thumb/v6-m/nofp/libc_nano.a(libc_a-freer.o)
 .ARM.attributes
                0x0000000000000720       0x2c /opt/st/stm32cubeide_1.13.2/plugins/com.st.stm32cube.ide.mcu.externaltools.gnu-tools-for-stm32.11.3.rel1.linux64_1.1.1.202309131626/tools/bin/../lib/gcc/arm-none-eabi/11.3.1/../../../../arm-none-eabi/lib/thumb/v6-m/nofp/libc_nano.a(libc_a-mallocr.o)
 .ARM.attributes
                0x000000000000074c       0x2c /opt/st/stm32cubeide_1.13.2/plugins/com.st.stm32cube.ide.mcu.externaltools.gnu-tools-for-stm32.11.3.rel1.linux64_1.1.1.202309131626/tools/bin/../lib/gcc/arm-none-eabi/11.3.1/../../../../arm-none-eabi/lib/thumb/v6-m/nofp/libc_nano.a(libc_a-mlock.o)
 .ARM.attributes
                0x0000000000000778       0x2c /opt/st/stm32cubeide_1.13.2/plugins/com.st.stm32cube.ide.mcu.externaltools.gnu-tools-for-stm32.11.3.rel1.linux64_1.1.1.202309131626/tools/bin/../lib/gcc/arm-none-eabi/11.3.1/../../../../arm-none-eabi/lib/thumb/v6-m/nofp/libc_nano.a(libc_a-nano-svfprintf.o)
 .ARM.attributes
                0x00000000000007a4       0x2c /opt/st/stm32cubeide_1.13.2/plugins/com.st.stm32cube.ide.mcu.externaltools.gnu-tools-for-stm32.11.3.rel1.linux64_1.1.1.202309131626/tools/bin/../lib/gcc/arm-none-eabi/11.3.1/../../../../arm-none-eabi/lib/thumb/v6-m/nofp/libc_nano.a(libc_a-nano-vfprintf_i.o)
 .ARM.attributes
                0x00000000000007d0       0x2c /opt/st/stm32cubeide_1.13.2/plugins/com.st.stm32cube.ide.mcu.externaltools.gnu-tools-for-stm32.11.3.rel1.linux64_1.1.1.202309131626/tools/bin/../lib/gcc/arm-none-eabi/11.3.1/../../../../arm-none-eabi/lib/thumb/v6-m/nofp/libc_nano.a(libc_a-sbrkr.o)
 .ARM.attributes
                0x00000000000007fc       0x2c /opt/st/stm32cubeide_1.13.2/plugins/com.st.stm32cube.ide.mcu.externaltools.gnu-tools-for-stm32.11.3.rel1.linux64_1.1.1.202309131626/tools/bin/../lib/gcc/arm-none-eabi/11.3.1/../../../../arm-none-eabi/lib/thumb/v6-m/nofp/libc_nano.a(libc_a-memchr-stub.o)
 .ARM.attributes
                0x0000000000000828       0x2c /opt/st/stm32cubeide_1.13.2/plugins/com.st.stm32cube.ide.mcu.externaltools.gnu-tools-for-stm32.11.3.rel1.linux64_1.1.1.202309131626/tools/bin/../lib/gcc/arm-none-eabi/11.3.1/../../../../arm-none-eabi/lib/thumb/v6-m/nofp/libc_nano.a(libc_a-reallocr.o)
 .ARM.attributes
                0x0000000000000854       0x2c /opt/st/stm32cubeide_1.13.2/plugins/com.st.stm32cube.ide.mcu.externaltools.gnu-tools-for-stm32.11.3.rel1.linux64_1.1.1.202309131626/tools/bin/../lib/gcc/arm-none-eabi/11.3.1/../../../../arm-none-eabi/lib/thumb/v6-m/nofp/libc_nano.a(libc_a-msizer.o)
 .ARM.attributes
                0x0000000000000880       0x1e /opt/st/stm32cubeide_1.13.2/plugins/com.st.stm32cube.ide.mcu.externaltools.gnu-tools-for-stm32.11.3.rel1.linux64_1.1.1.202309131626/tools/bin/../lib/gcc/arm-none-eabi/11.3.1/thumb/v6-m/nofp/libgcc.a(_thumb1_case_shi.o)
 .ARM.attributes
                0x000000000000089e       0x1e /opt/st/stm32cubeide_1.13.2/plugins/com.st.stm32cube.ide.mcu.externaltools.gnu-tools-for-stm32.11.3.rel1.linux64_1.1.1.202309131626/tools/bin/../lib/gcc/arm-none-eabi/11.3.1/thumb/v6-m/nofp/libgcc.a(_udivsi3.o)
 .ARM.attributes
                0x00000000000008bc       0x1e /opt/st/stm32cubeide_1.13.2/plugins/com.st.stm32cube.ide.mcu.externaltools.gnu-tools-for-stm32.11.3.rel1.linux64_1.1.1.202309131626/tools/bin/../lib/gcc/arm-none-eabi/11.3.1/thumb/v6-m/nofp/libgcc.a(_dvmd_tls.o)
 .ARM.attributes
                0x00000000000008da       0x1e /opt/st/stm32cubeide_1.13.2/plugins/com.st.stm32cube.ide.mcu.externaltools.gnu-tools-for-stm32.11.3.rel1.linux64_1.1.1.202309131626/tools/bin/../lib/gcc/arm-none-eabi/11.3.1/thumb/v6-m/nofp/libgcc.a(_arm_cmpdf2.o)
 .ARM.attributes
                0x00000000000008f8       0x2c /opt/st/stm32cubeide_1.13.2/plugins/com.st.stm32cube.ide.mcu.externaltools.gnu-tools-for-stm32.11.3.rel1.linux64_1.1.1.202309131626/tools/bin/../lib/gcc/arm-none-eabi/11.3.1/thumb/v6-m/nofp/libgcc.a(_fixunsdfsi.o)
 .ARM.attributes
                0x0000000000000924       0x2c /opt/st/stm32cubeide_1.13.2/plugins/com.st.stm32cube.ide.mcu.externaltools.gnu-tools-for-stm32.11.3.rel1.linux64_1.1.1.202309131626/tools/bin/../lib/gcc/arm-none-eabi/11.3.1/thumb/v6-m/nofp/libgcc.a(divdf3.o)
 .ARM.attributes
                0x0000000000000950       0x2c /opt/st/stm32cubeide_1.13.2/plugins/com.st.stm32cube.ide.mcu.externaltools.gnu-tools-for-stm32.11.3.rel1.linux64_1.1.1.202309131626/tools/bin/../lib/gcc/arm-none-eabi/11.3.1/thumb/v6-m/nofp/libgcc.a(eqdf2.o)
 .ARM.attributes
                0x000000000000097c       0x2c /opt/st/stm32cubeide_1.13.2/plugins/com.st.stm32cube.ide.mcu.externaltools.gnu-tools-for-stm32.11.3.rel1.linux64_1.1.1.202309131626/tools/bin/../lib/gcc/arm-none-eabi/11.3.1/thumb/v6-m/nofp/libgcc.a(gedf2.o)
 .ARM.attributes
                0x00000000000009a8       0x2c /opt/st/stm32cubeide_1.13.2/plugins/com.st.stm32cube.ide.mcu.externaltools.gnu-tools-for-stm32.11.3.rel1.linux64_1.1.1.202309131626/tools/bin/../lib/gcc/arm-none-eabi/11.3.1/thumb/v6-m/nofp/libgcc.a(ledf2.o)
 .ARM.attributes
                0x00000000000009d4       0x2c /opt/st/stm32cubeide_1.13.2/plugins/com.st.stm32cube.ide.mcu.externaltools.gnu-tools-for-stm32.11.3.rel1.linux64_1.1.1.202309131626/tools/bin/../lib/gcc/arm-none-eabi/11.3.1/thumb/v6-m/nofp/libgcc.a(muldf3.o)
 .ARM.attributes
                0x0000000000000a00       0x2c /opt/st/stm32cubeide_1.13.2/plugins/com.st.stm32cube.ide.mcu.externaltools.gnu-tools-for-stm32.11.3.rel1.linux64_1.1.1.202309131626/tools/bin/../lib/gcc/arm-none-eabi/11.3.1/thumb/v6-m/nofp/libgcc.a(subdf3.o)
 .ARM.attributes
                0x0000000000000a2c       0x2c /opt/st/stm32cubeide_1.13.2/plugins/com.st.stm32cube.ide.mcu.externaltools.gnu-tools-for-stm32.11.3.rel1.linux64_1.1.1.202309131626/tools/bin/../lib/gcc/arm-none-eabi/11.3.1/thumb/v6-m/nofp/libgcc.a(fixdfsi.o)
 .ARM.attributes
                0x0000000000000a58       0x2c /opt/st/stm32cubeide_1.13.2/plugins/com.st.stm32cube.ide.mcu.externaltools.gnu-tools-for-stm32.11.3.rel1.linux64_1.1.1.202309131626/tools/bin/../lib/gcc/arm-none-eabi/11.3.1/thumb/v6-m/nofp/libgcc.a(floatunsidf.o)
 .ARM.attributes
                0x0000000000000a84       0x1e /opt/st/stm32cubeide_1.13.2/plugins/com.st.stm32cube.ide.mcu.externaltools.gnu-tools-for-stm32.11.3.rel1.linux64_1.1.1.202309131626/tools/bin/../lib/gcc/arm-none-eabi/11.3.1/thumb/v6-m/nofp/libgcc.a(_clzsi2.o)
 .ARM.attributes
                0x0000000000000aa2       0x1e /opt/st/stm32cubeide_1.13.2/plugins/com.st.stm32cube.ide.mcu.externaltools.gnu-tools-for-stm32.11.3.rel1.linux64_1.1.1.202309131626/tools/bin/../lib/gcc/arm-none-eabi/11.3.1/thumb/v6-m/nofp/crtn.o
OUTPUT(pulsar-firmware.elf elf32-littlearm)
LOAD linker stubs
LOAD /opt/st/stm32cubeide_1.13.2/plugins/com.st.stm32cube.ide.mcu.externaltools.gnu-tools-for-stm32.11.3.rel1.linux64_1.1.1.202309131626/tools/bin/../lib/gcc/arm-none-eabi/11.3.1/../../../../arm-none-eabi/lib/thumb/v6-m/nofp/libc.a
LOAD /opt/st/stm32cubeide_1.13.2/plugins/com.st.stm32cube.ide.mcu.externaltools.gnu-tools-for-stm32.11.3.rel1.linux64_1.1.1.202309131626/tools/bin/../lib/gcc/arm-none-eabi/11.3.1/../../../../arm-none-eabi/lib/thumb/v6-m/nofp/libm.a
LOAD /opt/st/stm32cubeide_1.13.2/plugins/com.st.stm32cube.ide.mcu.externaltools.gnu-tools-for-stm32.11.3.rel1.linux64_1.1.1.202309131626/tools/bin/../lib/gcc/arm-none-eabi/11.3.1/thumb/v6-m/nofp/libgcc.a

.comment        0x0000000000000000       0x43
 .comment       0x0000000000000000       0x43 /opt/st/stm32cubeide_1.13.2/plugins/com.st.stm32cube.ide.mcu.externaltools.gnu-tools-for-stm32.11.3.rel1.linux64_1.1.1.202309131626/tools/bin/../lib/gcc/arm-none-eabi/11.3.1/thumb/v6-m/nofp/crtbegin.o
                                         0x44 (size before relaxing)
 .comment       0x0000000000000043       0x44 ./Drivers/STM32G0xx_HAL_Driver/Src/stm32g0xx_hal.o
 .comment       0x0000000000000043       0x44 ./Drivers/STM32G0xx_HAL_Driver/Src/stm32g0xx_hal_adc.o
 .comment       0x0000000000000043       0x44 ./Drivers/STM32G0xx_HAL_Driver/Src/stm32g0xx_hal_adc_ex.o
 .comment       0x0000000000000043       0x44 ./Drivers/STM32G0xx_HAL_Driver/Src/stm32g0xx_hal_comp.o
 .comment       0x0000000000000043       0x44 ./Drivers/STM32G0xx_HAL_Driver/Src/stm32g0xx_hal_cortex.o
 .comment       0x0000000000000043       0x44 ./Drivers/STM32G0xx_HAL_Driver/Src/stm32g0xx_hal_dac.o
 .comment       0x0000000000000043       0x44 ./Drivers/STM32G0xx_HAL_Driver/Src/stm32g0xx_hal_dac_ex.o
 .comment       0x0000000000000043       0x44 ./Drivers/STM32G0xx_HAL_Driver/Src/stm32g0xx_hal_gpio.o
 .comment       0x0000000000000043       0x44 ./Drivers/STM32G0xx_HAL_Driver/Src/stm32g0xx_hal_i2c.o
 .comment       0x0000000000000043       0x44 ./Drivers/STM32G0xx_HAL_Driver/Src/stm32g0xx_hal_i2c_ex.o
 .comment       0x0000000000000043       0x44 ./Drivers/STM32G0xx_HAL_Driver/Src/stm32g0xx_hal_pwr_ex.o
 .comment       0x0000000000000043       0x44 ./Drivers/STM32G0xx_HAL_Driver/Src/stm32g0xx_hal_rcc.o
 .comment       0x0000000000000043       0x44 ./Drivers/STM32G0xx_HAL_Driver/Src/stm32g0xx_hal_rcc_ex.o
 .comment       0x0000000000000043       0x44 ./Drivers/STM32G0xx_HAL_Driver/Src/stm32g0xx_hal_tim.o
 .comment       0x0000000000000043       0x44 ./Drivers/STM32G0xx_HAL_Driver/Src/stm32g0xx_hal_tim_ex.o
 .comment       0x0000000000000043       0x44 ./Src/adc.o
 .comment       0x0000000000000043       0x44 ./Src/comp.o
 .comment       0x0000000000000043       0x44 ./Src/dac.o
 .comment       0x0000000000000043       0x44 ./Src/gpio.o
 .comment       0x0000000000000043       0x44 ./Src/i2c.o
 .comment       0x0000000000000043       0x44 ./Src/main.o
 .comment       0x0000000000000043       0x44 ./Src/ssd1306.o
 .comment       0x0000000000000043       0x44 ./Src/ssd1306_fonts.o
 .comment       0x0000000000000043       0x44 ./Src/stm32g0xx_hal_msp.o
 .comment       0x0000000000000043       0x44 ./Src/stm32g0xx_it.o
 .comment       0x0000000000000043       0x44 ./Src/sysmem.o
 .comment       0x0000000000000043       0x44 ./Src/system_stm32g0xx.o
 .comment       0x0000000000000043       0x44 ./Src/tim.o

.debug_info     0x0000000000000000    0x15d99
 .debug_info    0x0000000000000000      0xa34 ./Drivers/STM32G0xx_HAL_Driver/Src/stm32g0xx_hal.o
 .debug_info    0x0000000000000a34     0x1581 ./Drivers/STM32G0xx_HAL_Driver/Src/stm32g0xx_hal_adc.o
 .debug_info    0x0000000000001fb5      0xb40 ./Drivers/STM32G0xx_HAL_Driver/Src/stm32g0xx_hal_adc_ex.o
 .debug_info    0x0000000000002af5      0x870 ./Drivers/STM32G0xx_HAL_Driver/Src/stm32g0xx_hal_comp.o
 .debug_info    0x0000000000003365      0x8d9 ./Drivers/STM32G0xx_HAL_Driver/Src/stm32g0xx_hal_cortex.o
 .debug_info    0x0000000000003c3e      0xbb1 ./Drivers/STM32G0xx_HAL_Driver/Src/stm32g0xx_hal_dac.o
 .debug_info    0x00000000000047ef      0xa5d ./Drivers/STM32G0xx_HAL_Driver/Src/stm32g0xx_hal_dac_ex.o
 .debug_info    0x000000000000524c      0x5b9 ./Drivers/STM32G0xx_HAL_Driver/Src/stm32g0xx_hal_gpio.o
 .debug_info    0x0000000000005805     0x21c8 ./Drivers/STM32G0xx_HAL_Driver/Src/stm32g0xx_hal_i2c.o
 .debug_info    0x00000000000079cd      0xa09 ./Drivers/STM32G0xx_HAL_Driver/Src/stm32g0xx_hal_i2c_ex.o
 .debug_info    0x00000000000083d6      0x7c1 ./Drivers/STM32G0xx_HAL_Driver/Src/stm32g0xx_hal_pwr_ex.o
 .debug_info    0x0000000000008b97      0xb1b ./Drivers/STM32G0xx_HAL_Driver/Src/stm32g0xx_hal_rcc.o
 .debug_info    0x00000000000096b2      0x77f ./Drivers/STM32G0xx_HAL_Driver/Src/stm32g0xx_hal_rcc_ex.o
 .debug_info    0x0000000000009e31     0x2bc9 ./Drivers/STM32G0xx_HAL_Driver/Src/stm32g0xx_hal_tim.o
 .debug_info    0x000000000000c9fa     0x18da ./Drivers/STM32G0xx_HAL_Driver/Src/stm32g0xx_hal_tim_ex.o
 .debug_info    0x000000000000e2d4      0xd7f ./Src/adc.o
 .debug_info    0x000000000000f053      0x5f2 ./Src/comp.o
 .debug_info    0x000000000000f645      0xa3c ./Src/dac.o
 .debug_info    0x0000000000010081      0x3da ./Src/gpio.o
 .debug_info    0x000000000001045b      0xb65 ./Src/i2c.o
 .debug_info    0x0000000000010fc0     0x16a0 ./Src/main.o
 .debug_info    0x0000000000012660     0x12b4 ./Src/ssd1306.o
 .debug_info    0x0000000000013914      0x216 ./Src/ssd1306_fonts.o
 .debug_info    0x0000000000013b2a      0x278 ./Src/stm32g0xx_hal_msp.o
 .debug_info    0x0000000000013da2      0xb46 ./Src/stm32g0xx_it.o
 .debug_info    0x00000000000148e8      0x168 ./Src/sysmem.o
 .debug_info    0x0000000000014a50      0x316 ./Src/system_stm32g0xx.o
 .debug_info    0x0000000000014d66     0x1010 ./Src/tim.o
 .debug_info    0x0000000000015d76       0x23 ./Startup/startup_stm32g071kbtx.o

.debug_abbrev   0x0000000000000000     0x3a56
 .debug_abbrev  0x0000000000000000      0x2b2 ./Drivers/STM32G0xx_HAL_Driver/Src/stm32g0xx_hal.o
 .debug_abbrev  0x00000000000002b2      0x277 ./Drivers/STM32G0xx_HAL_Driver/Src/stm32g0xx_hal_adc.o
 .debug_abbrev  0x0000000000000529      0x243 ./Drivers/STM32G0xx_HAL_Driver/Src/stm32g0xx_hal_adc_ex.o
 .debug_abbrev  0x000000000000076c      0x220 ./Drivers/STM32G0xx_HAL_Driver/Src/stm32g0xx_hal_comp.o
 .debug_abbrev  0x000000000000098c      0x2ab ./Drivers/STM32G0xx_HAL_Driver/Src/stm32g0xx_hal_cortex.o
 .debug_abbrev  0x0000000000000c37      0x245 ./Drivers/STM32G0xx_HAL_Driver/Src/stm32g0xx_hal_dac.o
 .debug_abbrev  0x0000000000000e7c      0x244 ./Drivers/STM32G0xx_HAL_Driver/Src/stm32g0xx_hal_dac_ex.o
 .debug_abbrev  0x00000000000010c0      0x1c8 ./Drivers/STM32G0xx_HAL_Driver/Src/stm32g0xx_hal_gpio.o
 .debug_abbrev  0x0000000000001288      0x291 ./Drivers/STM32G0xx_HAL_Driver/Src/stm32g0xx_hal_i2c.o
 .debug_abbrev  0x0000000000001519      0x1e6 ./Drivers/STM32G0xx_HAL_Driver/Src/stm32g0xx_hal_i2c_ex.o
 .debug_abbrev  0x00000000000016ff      0x238 ./Drivers/STM32G0xx_HAL_Driver/Src/stm32g0xx_hal_pwr_ex.o
 .debug_abbrev  0x0000000000001937      0x2aa ./Drivers/STM32G0xx_HAL_Driver/Src/stm32g0xx_hal_rcc.o
 .debug_abbrev  0x0000000000001be1      0x229 ./Drivers/STM32G0xx_HAL_Driver/Src/stm32g0xx_hal_rcc_ex.o
 .debug_abbrev  0x0000000000001e0a      0x298 ./Drivers/STM32G0xx_HAL_Driver/Src/stm32g0xx_hal_tim.o
 .debug_abbrev  0x00000000000020a2      0x2a8 ./Drivers/STM32G0xx_HAL_Driver/Src/stm32g0xx_hal_tim_ex.o
 .debug_abbrev  0x000000000000234a      0x20f ./Src/adc.o
 .debug_abbrev  0x0000000000002559      0x1dc ./Src/comp.o
 .debug_abbrev  0x0000000000002735      0x20c ./Src/dac.o
 .debug_abbrev  0x0000000000002941      0x158 ./Src/gpio.o
 .debug_abbrev  0x0000000000002a99      0x21a ./Src/i2c.o
 .debug_abbrev  0x0000000000002cb3      0x2ce ./Src/main.o
 .debug_abbrev  0x0000000000002f81      0x357 ./Src/ssd1306.o
 .debug_abbrev  0x00000000000032d8       0xc6 ./Src/ssd1306_fonts.o
 .debug_abbrev  0x000000000000339e       0xf9 ./Src/stm32g0xx_hal_msp.o
 .debug_abbrev  0x0000000000003497      0x1bd ./Src/stm32g0xx_it.o
 .debug_abbrev  0x0000000000003654       0xbc ./Src/sysmem.o
 .debug_abbrev  0x0000000000003710      0x119 ./Src/system_stm32g0xx.o
 .debug_abbrev  0x0000000000003829      0x21b ./Src/tim.o
 .debug_abbrev  0x0000000000003a44       0x12 ./Startup/startup_stm32g071kbtx.o

.debug_aranges  0x0000000000000000     0x14a8
 .debug_aranges
                0x0000000000000000      0x120 ./Drivers/STM32G0xx_HAL_Driver/Src/stm32g0xx_hal.o
 .debug_aranges
                0x0000000000000120      0x1f0 ./Drivers/STM32G0xx_HAL_Driver/Src/stm32g0xx_hal_adc.o
 .debug_aranges
                0x0000000000000310       0xb0 ./Drivers/STM32G0xx_HAL_Driver/Src/stm32g0xx_hal_adc_ex.o
 .debug_aranges
                0x00000000000003c0       0xd8 ./Drivers/STM32G0xx_HAL_Driver/Src/stm32g0xx_hal_comp.o
 .debug_aranges
                0x0000000000000498       0xe8 ./Drivers/STM32G0xx_HAL_Driver/Src/stm32g0xx_hal_cortex.o
 .debug_aranges
                0x0000000000000580       0xc0 ./Drivers/STM32G0xx_HAL_Driver/Src/stm32g0xx_hal_dac.o
 .debug_aranges
                0x0000000000000640       0x98 ./Drivers/STM32G0xx_HAL_Driver/Src/stm32g0xx_hal_dac_ex.o
 .debug_aranges
                0x00000000000006d8       0x60 ./Drivers/STM32G0xx_HAL_Driver/Src/stm32g0xx_hal_gpio.o
 .debug_aranges
                0x0000000000000738      0x2a0 ./Drivers/STM32G0xx_HAL_Driver/Src/stm32g0xx_hal_i2c.o
 .debug_aranges
                0x00000000000009d8       0x48 ./Drivers/STM32G0xx_HAL_Driver/Src/stm32g0xx_hal_i2c_ex.o
 .debug_aranges
                0x0000000000000a20       0xf0 ./Drivers/STM32G0xx_HAL_Driver/Src/stm32g0xx_hal_pwr_ex.o
 .debug_aranges
                0x0000000000000b10       0xa0 ./Drivers/STM32G0xx_HAL_Driver/Src/stm32g0xx_hal_rcc.o
 .debug_aranges
                0x0000000000000bb0       0x40 ./Drivers/STM32G0xx_HAL_Driver/Src/stm32g0xx_hal_rcc_ex.o
 .debug_aranges
                0x0000000000000bf0      0x3e0 ./Drivers/STM32G0xx_HAL_Driver/Src/stm32g0xx_hal_tim.o
 .debug_aranges
                0x0000000000000fd0      0x198 ./Drivers/STM32G0xx_HAL_Driver/Src/stm32g0xx_hal_tim_ex.o
 .debug_aranges
                0x0000000000001168       0x30 ./Src/adc.o
 .debug_aranges
                0x0000000000001198       0x38 ./Src/comp.o
 .debug_aranges
                0x00000000000011d0       0x30 ./Src/dac.o
 .debug_aranges
                0x0000000000001200       0x20 ./Src/gpio.o
 .debug_aranges
                0x0000000000001220       0x30 ./Src/i2c.o
 .debug_aranges
                0x0000000000001250       0x48 ./Src/main.o
 .debug_aranges
                0x0000000000001298       0xe0 ./Src/ssd1306.o
 .debug_aranges
                0x0000000000001378       0x18 ./Src/ssd1306_fonts.o
 .debug_aranges
                0x0000000000001390       0x20 ./Src/stm32g0xx_hal_msp.o
 .debug_aranges
                0x00000000000013b0       0x50 ./Src/stm32g0xx_it.o
 .debug_aranges
                0x0000000000001400       0x20 ./Src/sysmem.o
 .debug_aranges
                0x0000000000001420       0x28 ./Src/system_stm32g0xx.o
 .debug_aranges
                0x0000000000001448       0x38 ./Src/tim.o
 .debug_aranges
                0x0000000000001480       0x28 ./Startup/startup_stm32g071kbtx.o

.debug_rnglists
                0x0000000000000000      0xfd0
 .debug_rnglists
                0x0000000000000000       0xd4 ./Drivers/STM32G0xx_HAL_Driver/Src/stm32g0xx_hal.o
 .debug_rnglists
                0x00000000000000d4      0x17f ./Drivers/STM32G0xx_HAL_Driver/Src/stm32g0xx_hal_adc.o
 .debug_rnglists
                0x0000000000000253       0x81 ./Drivers/STM32G0xx_HAL_Driver/Src/stm32g0xx_hal_adc_ex.o
 .debug_rnglists
                0x00000000000002d4       0xa1 ./Drivers/STM32G0xx_HAL_Driver/Src/stm32g0xx_hal_comp.o
 .debug_rnglists
                0x0000000000000375       0xaa ./Drivers/STM32G0xx_HAL_Driver/Src/stm32g0xx_hal_cortex.o
 .debug_rnglists
                0x000000000000041f       0x90 ./Drivers/STM32G0xx_HAL_Driver/Src/stm32g0xx_hal_dac.o
 .debug_rnglists
                0x00000000000004af       0x70 ./Drivers/STM32G0xx_HAL_Driver/Src/stm32g0xx_hal_dac_ex.o
 .debug_rnglists
                0x000000000000051f       0x45 ./Drivers/STM32G0xx_HAL_Driver/Src/stm32g0xx_hal_gpio.o
 .debug_rnglists
                0x0000000000000564      0x229 ./Drivers/STM32G0xx_HAL_Driver/Src/stm32g0xx_hal_i2c.o
 .debug_rnglists
                0x000000000000078d       0x35 ./Drivers/STM32G0xx_HAL_Driver/Src/stm32g0xx_hal_i2c_ex.o
 .debug_rnglists
                0x00000000000007c2       0xb5 ./Drivers/STM32G0xx_HAL_Driver/Src/stm32g0xx_hal_pwr_ex.o
 .debug_rnglists
                0x0000000000000877       0x79 ./Drivers/STM32G0xx_HAL_Driver/Src/stm32g0xx_hal_rcc.o
 .debug_rnglists
                0x00000000000008f0       0x30 ./Drivers/STM32G0xx_HAL_Driver/Src/stm32g0xx_hal_rcc_ex.o
 .debug_rnglists
                0x0000000000000920      0x32a ./Drivers/STM32G0xx_HAL_Driver/Src/stm32g0xx_hal_tim.o
 .debug_rnglists
                0x0000000000000c4a      0x14e ./Drivers/STM32G0xx_HAL_Driver/Src/stm32g0xx_hal_tim_ex.o
 .debug_rnglists
                0x0000000000000d98       0x21 ./Src/adc.o
 .debug_rnglists
                0x0000000000000db9       0x26 ./Src/comp.o
 .debug_rnglists
                0x0000000000000ddf       0x21 ./Src/dac.o
 .debug_rnglists
                0x0000000000000e00       0x14 ./Src/gpio.o
 .debug_rnglists
                0x0000000000000e14       0x21 ./Src/i2c.o
 .debug_rnglists
                0x0000000000000e35       0x35 ./Src/main.o
 .debug_rnglists
                0x0000000000000e6a       0xaf ./Src/ssd1306.o
 .debug_rnglists
                0x0000000000000f19       0x13 ./Src/stm32g0xx_hal_msp.o
 .debug_rnglists
                0x0000000000000f2c       0x37 ./Src/stm32g0xx_it.o
 .debug_rnglists
                0x0000000000000f63       0x13 ./Src/sysmem.o
 .debug_rnglists
                0x0000000000000f76       0x1a ./Src/system_stm32g0xx.o
 .debug_rnglists
                0x0000000000000f90       0x27 ./Src/tim.o
 .debug_rnglists
                0x0000000000000fb7       0x19 ./Startup/startup_stm32g071kbtx.o

.debug_macro    0x0000000000000000    0x1c573
 .debug_macro   0x0000000000000000      0x25d ./Drivers/STM32G0xx_HAL_Driver/Src/stm32g0xx_hal.o
 .debug_macro   0x000000000000025d      0xa7e ./Drivers/STM32G0xx_HAL_Driver/Src/stm32g0xx_hal.o
 .debug_macro   0x0000000000000cdb      0x12f ./Drivers/STM32G0xx_HAL_Driver/Src/stm32g0xx_hal.o
 .debug_macro   0x0000000000000e0a       0x2e ./Drivers/STM32G0xx_HAL_Driver/Src/stm32g0xx_hal.o
 .debug_macro   0x0000000000000e38       0x28 ./Drivers/STM32G0xx_HAL_Driver/Src/stm32g0xx_hal.o
 .debug_macro   0x0000000000000e60       0x22 ./Drivers/STM32G0xx_HAL_Driver/Src/stm32g0xx_hal.o
 .debug_macro   0x0000000000000e82       0x8e ./Drivers/STM32G0xx_HAL_Driver/Src/stm32g0xx_hal.o
 .debug_macro   0x0000000000000f10       0x51 ./Drivers/STM32G0xx_HAL_Driver/Src/stm32g0xx_hal.o
 .debug_macro   0x0000000000000f61      0x103 ./Drivers/STM32G0xx_HAL_Driver/Src/stm32g0xx_hal.o
 .debug_macro   0x0000000000001064       0x6a ./Drivers/STM32G0xx_HAL_Driver/Src/stm32g0xx_hal.o
 .debug_macro   0x00000000000010ce      0x1df ./Drivers/STM32G0xx_HAL_Driver/Src/stm32g0xx_hal.o
 .debug_macro   0x00000000000012ad       0x1c ./Drivers/STM32G0xx_HAL_Driver/Src/stm32g0xx_hal.o
 .debug_macro   0x00000000000012c9       0x22 ./Drivers/STM32G0xx_HAL_Driver/Src/stm32g0xx_hal.o
 .debug_macro   0x00000000000012eb       0xd1 ./Drivers/STM32G0xx_HAL_Driver/Src/stm32g0xx_hal.o
 .debug_macro   0x00000000000013bc      0x4da ./Drivers/STM32G0xx_HAL_Driver/Src/stm32g0xx_hal.o
 .debug_macro   0x0000000000001896      0x11f ./Drivers/STM32G0xx_HAL_Driver/Src/stm32g0xx_hal.o
 .debug_macro   0x00000000000019b5     0xc753 ./Drivers/STM32G0xx_HAL_Driver/Src/stm32g0xx_hal.o
 .debug_macro   0x000000000000e108       0x66 ./Drivers/STM32G0xx_HAL_Driver/Src/stm32g0xx_hal.o
 .debug_macro   0x000000000000e16e     0x350e ./Drivers/STM32G0xx_HAL_Driver/Src/stm32g0xx_hal.o
 .debug_macro   0x000000000001167c      0x174 ./Drivers/STM32G0xx_HAL_Driver/Src/stm32g0xx_hal.o
 .debug_macro   0x00000000000117f0       0x5c ./Drivers/STM32G0xx_HAL_Driver/Src/stm32g0xx_hal.o
 .debug_macro   0x000000000001184c      0x56c ./Drivers/STM32G0xx_HAL_Driver/Src/stm32g0xx_hal.o
 .debug_macro   0x0000000000011db8     0x1122 ./Drivers/STM32G0xx_HAL_Driver/Src/stm32g0xx_hal.o
 .debug_macro   0x0000000000012eda      0x264 ./Drivers/STM32G0xx_HAL_Driver/Src/stm32g0xx_hal.o
 .debug_macro   0x000000000001313e      0x1cf ./Drivers/STM32G0xx_HAL_Driver/Src/stm32g0xx_hal.o
 .debug_macro   0x000000000001330d      0x1d8 ./Drivers/STM32G0xx_HAL_Driver/Src/stm32g0xx_hal.o
 .debug_macro   0x00000000000134e5      0x426 ./Drivers/STM32G0xx_HAL_Driver/Src/stm32g0xx_hal.o
 .debug_macro   0x000000000001390b      0x280 ./Drivers/STM32G0xx_HAL_Driver/Src/stm32g0xx_hal.o
 .debug_macro   0x0000000000013b8b      0x3a7 ./Drivers/STM32G0xx_HAL_Driver/Src/stm32g0xx_hal.o
 .debug_macro   0x0000000000013f32      0x1b2 ./Drivers/STM32G0xx_HAL_Driver/Src/stm32g0xx_hal.o
 .debug_macro   0x00000000000140e4       0x43 ./Drivers/STM32G0xx_HAL_Driver/Src/stm32g0xx_hal.o
 .debug_macro   0x0000000000014127      0x1f1 ./Drivers/STM32G0xx_HAL_Driver/Src/stm32g0xx_hal.o
 .debug_macro   0x0000000000014318      0x8b6 ./Drivers/STM32G0xx_HAL_Driver/Src/stm32g0xx_hal.o
 .debug_macro   0x0000000000014bce      0x5c2 ./Drivers/STM32G0xx_HAL_Driver/Src/stm32g0xx_hal.o
 .debug_macro   0x0000000000015190       0x2e ./Drivers/STM32G0xx_HAL_Driver/Src/stm32g0xx_hal.o
 .debug_macro   0x00000000000151be      0x189 ./Drivers/STM32G0xx_HAL_Driver/Src/stm32g0xx_hal.o
 .debug_macro   0x0000000000015347      0x321 ./Drivers/STM32G0xx_HAL_Driver/Src/stm32g0xx_hal.o